Component: Arm Compiler for Embedded 6.22 Tool: armlink [5ee90200]

==============================================================================

Section Cross References

    startup_stm32h723xx.o(RESET) refers to startup_stm32h723xx.o(STACK) for __initial_sp
    startup_stm32h723xx.o(RESET) refers to startup_stm32h723xx.o(.text) for Reset_Handler
    startup_stm32h723xx.o(RESET) refers to stm32h7xx_it.o(.text.NMI_Handler) for NMI_Handler
    startup_stm32h723xx.o(RESET) refers to stm32h7xx_it.o(.text.HardFault_Handler) for HardFault_Handler
    startup_stm32h723xx.o(RESET) refers to stm32h7xx_it.o(.text.MemManage_Handler) for MemManage_Handler
    startup_stm32h723xx.o(RESET) refers to stm32h7xx_it.o(.text.BusFault_Handler) for BusFault_Handler
    startup_stm32h723xx.o(RESET) refers to stm32h7xx_it.o(.text.UsageFault_Handler) for UsageFault_Handler
    startup_stm32h723xx.o(RESET) refers to stm32h7xx_it.o(.text.SVC_Handler) for SVC_Handler
    startup_stm32h723xx.o(RESET) refers to stm32h7xx_it.o(.text.DebugMon_Handler) for DebugMon_Handler
    startup_stm32h723xx.o(RESET) refers to stm32h7xx_it.o(.text.PendSV_Handler) for PendSV_Handler
    startup_stm32h723xx.o(RESET) refers to stm32h7xx_it.o(.text.SysTick_Handler) for SysTick_Handler
    startup_stm32h723xx.o(RESET) refers to stm32h7xx_it.o(.text.DMA1_Stream0_IRQHandler) for DMA1_Stream0_IRQHandler
    startup_stm32h723xx.o(RESET) refers to stm32h7xx_it.o(.text.FDCAN1_IT0_IRQHandler) for FDCAN1_IT0_IRQHandler
    startup_stm32h723xx.o(RESET) refers to stm32h7xx_it.o(.text.FDCAN2_IT0_IRQHandler) for FDCAN2_IT0_IRQHandler
    startup_stm32h723xx.o(RESET) refers to stm32h7xx_it.o(.text.FDCAN1_IT1_IRQHandler) for FDCAN1_IT1_IRQHandler
    startup_stm32h723xx.o(RESET) refers to stm32h7xx_it.o(.text.FDCAN2_IT1_IRQHandler) for FDCAN2_IT1_IRQHandler
    startup_stm32h723xx.o(RESET) refers to stm32h7xx_it.o(.text.TIM3_IRQHandler) for TIM3_IRQHandler
    startup_stm32h723xx.o(RESET) refers to stm32h7xx_it.o(.text.TIM4_IRQHandler) for TIM4_IRQHandler
    startup_stm32h723xx.o(RESET) refers to stm32h7xx_it.o(.text.FDCAN_CAL_IRQHandler) for FDCAN_CAL_IRQHandler
    startup_stm32h723xx.o(RESET) refers to stm32h7xx_it.o(.text.OTG_HS_IRQHandler) for OTG_HS_IRQHandler
    startup_stm32h723xx.o(RESET) refers to stm32h7xx_it.o(.text.UART7_IRQHandler) for UART7_IRQHandler
    startup_stm32h723xx.o(RESET) refers to stm32h7xx_it.o(.text.USART10_IRQHandler) for USART10_IRQHandler
    startup_stm32h723xx.o(.text) refers to system_stm32h7xx.o(.text.SystemInit) for SystemInit
    startup_stm32h723xx.o(.text) refers to entry.o(.ARM.Collect$$$$00000000) for __main
    pid.o(.ARM.exidx.text.PID_Init) refers to pid.o(.text.PID_Init) for [Anonymous Symbol]
    pid.o(.text.find_error) refers to fmod.o(i.__hardfp_fmod) for __hardfp_fmod
    pid.o(.ARM.exidx.text.find_error) refers to pid.o(.text.find_error) for [Anonymous Symbol]
    pid.o(.text.PID_Compute) refers to fmod.o(i.__hardfp_fmod) for __hardfp_fmod
    pid.o(.ARM.exidx.text.PID_Compute) refers to pid.o(.text.PID_Compute) for [Anonymous Symbol]
    ros_protocol.o(.ARM.exidx.text.Calculate_CRC16) refers to ros_protocol.o(.text.Calculate_CRC16) for [Anonymous Symbol]
    ros_protocol.o(.text.Protocol_Parse_Stream) refers to ros_protocol.o(.bss..L_MergedGlobals) for .L_MergedGlobals
    ros_protocol.o(.text.Protocol_Parse_Stream) refers to ros_protocol.o(.bss.stream_buf) for stream_buf
    ros_protocol.o(.text.Protocol_Parse_Stream) refers to ros_protocol.o(.bss.USB_Rx_Buffer) for USB_Rx_Buffer
    ros_protocol.o(.text.Protocol_Parse_Stream) refers to memmovea.o(.text) for __aeabi_memmove
    ros_protocol.o(.text.Protocol_Parse_Stream) refers to stm32h7xx_hal.o(.text.HAL_GetTick) for HAL_GetTick
    ros_protocol.o(.ARM.exidx.text.Protocol_Parse_Stream) refers to ros_protocol.o(.text.Protocol_Parse_Stream) for [Anonymous Symbol]
    ros_protocol.o(.text.Protocol_Execute_Router) refers to stm32h7xx_hal.o(.text.HAL_GetTick) for HAL_GetTick
    ros_protocol.o(.text.Protocol_Execute_Router) refers to ros_protocol.o(.bss..L_MergedGlobals) for .L_MergedGlobals
    ros_protocol.o(.text.Protocol_Execute_Router) refers to ros_protocol.o(.data.Protocol_Execute_Router.was_timeout) for Protocol_Execute_Router.was_timeout
    ros_protocol.o(.text.Protocol_Execute_Router) refers to dm_motor_ctrl.o(.bss.motor) for motor
    ros_protocol.o(.text.Protocol_Execute_Router) refers to ros_protocol.o(.bss.Current_Target_Cmd) for Current_Target_Cmd
    ros_protocol.o(.text.Protocol_Execute_Router) refers to ros_protocol.o(.bss.USB_Rx_Buffer) for USB_Rx_Buffer
    ros_protocol.o(.text.Protocol_Execute_Router) refers to memmovea.o(.text) for __aeabi_memcpy4
    ros_protocol.o(.text.Protocol_Execute_Router) refers to cubemars_motor_ctrl.o(.bss.cm_motor) for cm_motor
    ros_protocol.o(.text.Protocol_Execute_Router) refers to main.o(.bss..L_MergedGlobals.5) for target_position
[...]
    __aeabi_memclr8                          0x080003b5   Thumb Code     0  memseta.o(.text)
    _memset$wrapper                          0x080003b9   Thumb Code    18  memseta.o(.text)
    __aeabi_llsl                             0x080003cb   Thumb Code    30  llshl.o(.text)
    _ll_shift_l                              0x080003cb   Thumb Code     0  llshl.o(.text)
    __aeabi_llsr                             0x080003e9   Thumb Code    32  llushr.o(.text)
    _ll_ushift_r                             0x080003e9   Thumb Code     0  llushr.o(.text)
    __scatterload                            0x08000409   Thumb Code    38  init.o(.text)
    __scatterload_rt2                        0x08000409   Thumb Code     0  init.o(.text)
    BusFault_Handler                         0x08000439   Thumb Code     2  stm32h7xx_it.o(.text.BusFault_Handler)
    CDC_Transmit_HS                          0x080004b1   Thumb Code    54  usbd_cdc_if.o(.text.CDC_Transmit_HS)
    DMA1_Stream0_IRQHandler                  0x080004e9   Thumb Code    12  stm32h7xx_it.o(.text.DMA1_Stream0_IRQHandler)
    DebugMon_Handler                         0x08000621   Thumb Code     2  stm32h7xx_it.o(.text.DebugMon_Handler)
    Error_Handler                            0x08000629   Thumb Code     6  main.o(.text.Error_Handler)
    FDCAN1_IT0_IRQHandler                    0x08000631   Thumb Code    12  stm32h7xx_it.o(.text.FDCAN1_IT0_IRQHandler)
    FDCAN1_IT1_IRQHandler                    0x08000641   Thumb Code    12  stm32h7xx_it.o(.text.FDCAN1_IT1_IRQHandler)
    FDCAN2_IT0_IRQHandler                    0x08000651   Thumb Code    12  stm32h7xx_it.o(.text.FDCAN2_IT0_IRQHandler)
    FDCAN2_IT1_IRQHandler                    0x08000661   Thumb Code    12  stm32h7xx_it.o(.text.FDCAN2_IT1_IRQHandler)
    FDCAN_CAL_IRQHandler                     0x08000671   Thumb Code    30  stm32h7xx_it.o(.text.FDCAN_CAL_IRQHandler)
    HAL_DMA_Abort                            0x08000691   Thumb Code  1318  stm32h7xx_hal_dma.o(.text.HAL_DMA_Abort)
    HAL_DMA_Abort_IT                         0x08000bb9   Thumb Code   694  stm32h7xx_hal_dma.o(.text.HAL_DMA_Abort_IT)
    HAL_DMA_IRQHandler                       0x08000e71   Thumb Code  2084  stm32h7xx_hal_dma.o(.text.HAL_DMA_IRQHandler)
    HAL_DMA_Init                             0x08001699   Thumb Code  1690  stm32h7xx_hal_dma.o(.text.HAL_DMA_Init)
    HAL_Delay                                0x08001d39   Thumb Code    40  stm32h7xx_hal.o(.text.HAL_Delay)
    HAL_FDCAN_ActivateNotification           0x08001d61   Thumb Code   138  stm32h7xx_hal_fdcan.o(.text.HAL_FDCAN_ActivateNotification)
    HAL_FDCAN_AddMessageToTxFifoQ            0x08001df1   Thumb Code   234  stm32h7xx_hal_fdcan.o(.text.HAL_FDCAN_AddMessageToTxFifoQ)
    HAL_FDCAN_ClockCalibrationCallback       0x08001ee1   Thumb Code     2  stm32h7xx_hal_fdcan.o(.text.HAL_FDCAN_ClockCalibrationCallback)
    HAL_FDCAN_ConfigFifoWatermark            0x08001ee9   Thumb Code    94  stm32h7xx_hal_fdcan.o(.text.HAL_FDCAN_ConfigFifoWatermark)
    HAL_FDCAN_ConfigFilter                   0x08001f49   Thumb Code   140  stm32h7xx_hal_fdcan.o(.text.HAL_FDCAN_ConfigFilter)
    HAL_FDCAN_ConfigGlobalFilter             0x08001fd9   Thumb Code    56  stm32h7xx_hal_fdcan.o(.text.HAL_FDCAN_ConfigGlobalFilter)
    HAL_FDCAN_DeInit                         0x08002011   Thumb Code    44  stm32h7xx_hal_fdcan.o(.text.HAL_FDCAN_DeInit)
    HAL_FDCAN_ErrorCallback                  0x08002041   Thumb Code     2  stm32h7xx_hal_fdcan.o(.text.HAL_FDCAN_ErrorCallback)
    HAL_FDCAN_ErrorStatusCallback            0x08002049   Thumb Code    18  bsp_fdcan.o(.text.HAL_FDCAN_ErrorStatusCallback)
    HAL_FDCAN_GetRxMessage                   0x08002061   Thumb Code   518  stm32h7xx_hal_fdcan.o(.text.HAL_FDCAN_GetRxMessage)
    HAL_FDCAN_HighPriorityMessageCallback    0x08002269   Thumb Code     2  stm32h7xx_hal_fdcan.o(.text.HAL_FDCAN_HighPriorityMessageCallback)
    HAL_FDCAN_IRQHandler                     0x08002271   Thumb Code   820  stm32h7xx_hal_fdcan.o(.text.HAL_FDCAN_IRQHandler)
    HAL_FDCAN_Init                           0x080025a9   Thumb Code  1020  stm32h7xx_hal_fdcan.o(.text.HAL_FDCAN_Init)
    HAL_FDCAN_MspDeInit                      0x080029a9   Thumb Code   164  fdcan.o(.text.HAL_FDCAN_MspDeInit)
    HAL_FDCAN_MspInit                        0x08002a51   Thumb Code   346  fdcan.o(.text.HAL_FDCAN_MspInit)
    HAL_FDCAN_RxBufferNewMessageCallback     0x08002bb1   Thumb Code     2  stm32h7xx_hal_fdcan.o(.text.HAL_FDCAN_RxBufferNewMessageCallback)
    HAL_FDCAN_RxFifo0Callback                0x08002bb9   Thumb Code    36  bsp_fdcan.o(.text.HAL_FDCAN_RxFifo0Callback)
    HAL_FDCAN_RxFifo1Callback                0x08002be1   Thumb Code     2  bsp_fdcan.o(.text.HAL_FDCAN_RxFifo1Callback)
    HAL_FDCAN_Start                          0x08002be9   Thumb Code    52  stm32h7xx_hal_fdcan.o(.text.HAL_FDCAN_Start)
    HAL_FDCAN_Stop                           0x08002c21   Thumb Code   898  stm32h7xx_hal_fdcan.o(.text.HAL_FDCAN_Stop)
    HAL_FDCAN_TT_GlobalTimeCallback          0x08002fa9   Thumb Code     2  stm32h7xx_hal_fdcan.o(.text.HAL_FDCAN_TT_GlobalTimeCallback)
    HAL_FDCAN_TT_ScheduleSyncCallback        0x08002fb1   Thumb Code     2  stm32h7xx_hal_fdcan.o(.text.HAL_FDCAN_TT_ScheduleSyncCallback)
    HAL_FDCAN_TT_StopWatchCallback           0x08002fb9   Thumb Code     2  stm32h7xx_hal_fdcan.o(.text.HAL_FDCAN_TT_StopWatchCallback)
    HAL_FDCAN_TT_TimeMarkCallback            0x08002fc1   Thumb Code     2  stm32h7xx_hal_fdcan.o(.text.HAL_FDCAN_TT_TimeMarkCallback)
    HAL_FDCAN_TimeoutOccurredCallback        0x08002fc9   Thumb Code     2  stm32h7xx_hal_fdcan.o(.text.HAL_FDCAN_TimeoutOccurredCallback)
    HAL_FDCAN_TimestampWraparoundCallback    0x08002fd1   Thumb Code     2  stm32h7xx_hal_fdcan.o(.text.HAL_FDCAN_TimestampWraparoundCallback)
    HAL_FDCAN_TxBufferAbortCallback          0x08002fd9   Thumb Code     2  stm32h7xx_hal_fdcan.o(.text.HAL_FDCAN_TxBufferAbortCallback)
    HAL_FDCAN_TxBufferCompleteCallback       0x08002fe1   Thumb Code     2  stm32h7xx_hal_fdcan.o(.text.HAL_FDCAN_TxBufferCompleteCallback)
    HAL_FDCAN_TxEventFifoCallback            0x08002fe9   Thumb Code     2  stm32h7xx_hal_fdcan.o(.text.HAL_FDCAN_TxEventFifoCallback)
    HAL_FDCAN_TxFifoEmptyCallback            0x08002ff1   Thumb Code     2  stm32h7xx_hal_fdcan.o(.text.HAL_FDCAN_TxFifoEmptyCallback)
    HAL_GPIO_DeInit                          0x08002ff9   Thumb Code   284  stm32h7xx_hal_gpio.o(.text.HAL_GPIO_DeInit)
    HAL_GPIO_Init                            0x08003119   Thumb Code   482  stm32h7xx_hal_gpio.o(.text.HAL_GPIO_Init)
    HAL_GPIO_WritePin                        0x08003301   Thumb Code    10  stm32h7xx_hal_gpio.o(.text.HAL_GPIO_WritePin)
    HAL_GetTick                              0x08003311   Thumb Code    12  stm32h7xx_hal.o(.text.HAL_GetTick)
    HAL_IncTick                              0x08003321   Thumb Code    26  stm32h7xx_hal.o(.text.HAL_IncTick)
    HAL_Init                                 0x08003341   Thumb Code   100  stm32h7xx_hal.o(.text.HAL_Init)
    HAL_InitTick                             0x080033a9   Thumb Code    80  stm32h7xx_hal.o(.text.HAL_InitTick)
    HAL_MspInit                              0x080033f9   Thumb Code    32  stm32h7xx_hal_msp.o(.text.HAL_MspInit)
    HAL_NVIC_DisableIRQ                      0x08003419   Thumb Code    42  stm32h7xx_hal_cortex.o(.text.HAL_NVIC_DisableIRQ)
    HAL_NVIC_EnableIRQ                       0x08003449   Thumb Code    34  stm32h7xx_hal_cortex.o(.text.HAL_NVIC_EnableIRQ)
    HAL_NVIC_SetPriority                     0x08003471   Thumb Code    90  stm32h7xx_hal_cortex.o(.text.HAL_NVIC_SetPriority)
    HAL_NVIC_SetPriorityGrouping             0x080034d1   Thumb Code    32  stm32h7xx_hal_cortex.o(.text.HAL_NVIC_SetPriorityGrouping)
    HAL_PCDEx_ActivateLPM                    0x080034f1   Thumb Code    38  stm32h7xx_hal_pcd_ex.o(.text.HAL_PCDEx_ActivateLPM)
    HAL_PCDEx_LPM_Callback                   0x08003519   Thumb Code     2  stm32h7xx_hal_pcd_ex.o(.text.HAL_PCDEx_LPM_Callback)
    HAL_PCDEx_SetRxFiFo                      0x08003521   Thumb Code     8  stm32h7xx_hal_pcd_ex.o(.text.HAL_PCDEx_SetRxFiFo)
    HAL_PCDEx_SetTxFiFo                      0x08003529   Thumb Code   206  stm32h7xx_hal_pcd_ex.o(.text.HAL_PCDEx_SetTxFiFo)
    HAL_PCD_ConnectCallback                  0x080035f9   Thumb Code     8  usbd_conf.o(.text.HAL_PCD_ConnectCallback)
    HAL_PCD_DataInStageCallback              0x08003601   Thumb Code    18  usbd_conf.o(.text.HAL_PCD_DataInStageCallback)
    HAL_PCD_DataOutStageCallback             0x08003619   Thumb Code    20  usbd_conf.o(.text.HAL_PCD_DataOutStageCallback)
    HAL_PCD_DisconnectCallback               0x08003631   Thumb Code     8  usbd_conf.o(.text.HAL_PCD_DisconnectCallback)
    HAL_PCD_EP_Close                         0x08003639   Thumb Code    80  stm32h7xx_hal_pcd.o(.text.HAL_PCD_EP_Close)
    HAL_PCD_EP_ClrStall                      0x08003689   Thumb Code    88  stm32h7xx_hal_pcd.o(.text.HAL_PCD_EP_ClrStall)
    HAL_PCD_EP_GetRxCount                    0x080036e1   Thumb Code    18  stm32h7xx_hal_pcd.o(.text.HAL_PCD_EP_GetRxCount)
    HAL_PCD_EP_Open                          0x080036f9   Thumb Code   126  stm32h7xx_hal_pcd.o(.text.HAL_PCD_EP_Open)
    HAL_PCD_EP_Receive                       0x08003779   Thumb Code    56  stm32h7xx_hal_pcd.o(.text.HAL_PCD_EP_Receive)
    HAL_PCD_EP_SetStall                      0x080037b1   Thumb Code   112  stm32h7xx_hal_pcd.o(.text.HAL_PCD_EP_SetStall)
    HAL_PCD_EP_Transmit                      0x08003821   Thumb Code    60  stm32h7xx_hal_pcd.o(.text.HAL_PCD_EP_Transmit)
    HAL_PCD_IRQHandler                       0x08003861   Thumb Code  2694  stm32h7xx_hal_pcd.o(.text.HAL_PCD_IRQHandler)
    HAL_PCD_ISOINIncompleteCallback          0x080042e9   Thumb Code     8  usbd_conf.o(.text.HAL_PCD_ISOINIncompleteCallback)
    HAL_PCD_ISOOUTIncompleteCallback         0x080042f1   Thumb Code     8  usbd_conf.o(.text.HAL_PCD_ISOOUTIncompleteCallback)
    HAL_PCD_Init                             0x080042f9   Thumb Code   634  stm32h7xx_hal_pcd.o(.text.HAL_PCD_Init)
    HAL_PCD_MspInit                          0x08004579   Thumb Code   114  usbd_conf.o(.text.HAL_PCD_MspInit)
    HAL_PCD_ResetCallback                    0x080045f1   Thumb Code    42  usbd_conf.o(.text.HAL_PCD_ResetCallback)
    HAL_PCD_ResumeCallback                   0x08004621   Thumb Code     8  usbd_conf.o(.text.HAL_PCD_ResumeCallback)
    HAL_PCD_SOFCallback                      0x08004629   Thumb Code     8  usbd_conf.o(.text.HAL_PCD_SOFCallback)
    HAL_PCD_SetAddress                       0x08004631   Thumb Code    40  stm32h7xx_hal_pcd.o(.text.HAL_PCD_SetAddress)
    HAL_PCD_SetupStageCallback               0x08004659   Thumb Code    14  usbd_conf.o(.text.HAL_PCD_SetupStageCallback)
    HAL_PCD_Start                            0x08004669   Thumb Code    62  stm32h7xx_hal_pcd.o(.text.HAL_PCD_Start)
    HAL_PCD_SuspendCallback                  0x080046a9   Thumb Code    52  usbd_conf.o(.text.HAL_PCD_SuspendCallback)
    HAL_PWREx_ConfigSupply                   0x080046e1   Thumb Code    76  stm32h7xx_hal_pwr_ex.o(.text.HAL_PWREx_ConfigSupply)
    HAL_PWREx_EnableUSBVoltageDetector       0x08004731   Thumb Code    18  stm32h7xx_hal_pwr_ex.o(.text.HAL_PWREx_EnableUSBVoltageDetector)
    HAL_RCCEx_GetD3PCLK1Freq                 0x08004749   Thumb Code    38  stm32h7xx_hal_rcc_ex.o(.text.HAL_RCCEx_GetD3PCLK1Freq)
    HAL_RCCEx_GetPLL2ClockFreq               0x08004771   Thumb Code   284  stm32h7xx_hal_rcc_ex.o(.text.HAL_RCCEx_GetPLL2ClockFreq)
    HAL_RCCEx_GetPLL3ClockFreq               0x080048a1   Thumb Code   284  stm32h7xx_hal_rcc_ex.o(.text.HAL_RCCEx_GetPLL3ClockFreq)
    HAL_RCCEx_PeriphCLKConfig                0x080049d1   Thumb Code  2688  stm32h7xx_hal_rcc_ex.o(.text.HAL_RCCEx_PeriphCLKConfig)
    HAL_RCC_ClockConfig                      0x08005451   Thumb Code   596  stm32h7xx_hal_rcc.o(.text.HAL_RCC_ClockConfig)
    HAL_RCC_GetHCLKFreq                      0x080056a9   Thumb Code    76  stm32h7xx_hal_rcc.o(.text.HAL_RCC_GetHCLKFreq)
    HAL_RCC_GetPCLK1Freq                     0x080056f9   Thumb Code    96  stm32h7xx_hal_rcc.o(.text.HAL_RCC_GetPCLK1Freq)
    HAL_RCC_GetPCLK2Freq                     0x08005759   Thumb Code    96  stm32h7xx_hal_rcc.o(.text.HAL_RCC_GetPCLK2Freq)
    HAL_RCC_GetSysClockFreq                  0x080057b9   Thumb Code   264  stm32h7xx_hal_rcc.o(.text.HAL_RCC_GetSysClockFreq)
    HAL_RCC_OscConfig                        0x080058d1   Thumb Code  1324  stm32h7xx_hal_rcc.o(.text.HAL_RCC_OscConfig)
    HAL_SYSTICK_Config                       0x08005e01   Thumb Code    46  stm32h7xx_hal_cortex.o(.text.HAL_SYSTICK_Config)
    HAL_TIMEx_Break2Callback                 0x08005e31   Thumb Code     2  stm32h7xx_hal_tim_ex.o(.text.HAL_TIMEx_Break2Callback)
    HAL_TIMEx_BreakCallback                  0x08005e39   Thumb Code     2  stm32h7xx_hal_tim_ex.o(.text.HAL_TIMEx_BreakCallback)
    HAL_TIMEx_CommutCallback                 0x08005e41   Thumb Code     2  stm32h7xx_hal_tim_ex.o(.text.HAL_TIMEx_CommutCallback)
    HAL_TIMEx_MasterConfigSynchronization    0x08005e49   Thumb Code   222  stm32h7xx_hal_tim_ex.o(.text.HAL_TIMEx_MasterConfigSynchronization)
    HAL_TIM_Base_Init                        0x08005f29   Thumb Code    96  stm32h7xx_hal_tim.o(.text.HAL_TIM_Base_Init)
    HAL_TIM_Base_MspInit                     0x08005f89   Thumb Code   124  tim.o(.text.HAL_TIM_Base_MspInit)
    HAL_TIM_Base_Start_IT                    0x08006009   Thumb Code   220  stm32h7xx_hal_tim.o(.text.HAL_TIM_Base_Start_IT)
    HAL_TIM_ConfigClockSource                0x080060e9   Thumb Code   700  stm32h7xx_hal_tim.o(.text.HAL_TIM_ConfigClockSource)
    HAL_TIM_IC_CaptureCallback               0x080063a9   Thumb Code     2  stm32h7xx_hal_tim.o(.text.HAL_TIM_IC_CaptureCallback)
    HAL_TIM_IRQHandler                       0x080063b1   Thumb Code   364  stm32h7xx_hal_tim.o(.text.HAL_TIM_IRQHandler)
    HAL_TIM_OC_DelayElapsedCallback          0x08006521   Thumb Code     2  stm32h7xx_hal_tim.o(.text.HAL_TIM_OC_DelayElapsedCallback)
    HAL_TIM_PWM_PulseFinishedCallback        0x08006529   Thumb Code     2  stm32h7xx_hal_tim.o(.text.HAL_TIM_PWM_PulseFinishedCallback)
    HAL_TIM_PeriodElapsedCallback            0x08006531   Thumb Code   412  main.o(.text.HAL_TIM_PeriodElapsedCallback)
    HAL_TIM_TriggerCallback                  0x080066d9   Thumb Code     2  stm32h7xx_hal_tim.o(.text.HAL_TIM_TriggerCallback)
    HAL_UARTEx_DisableFifoMode               0x080066e1   Thumb Code    54  stm32h7xx_hal_uart_ex.o(.text.HAL_UARTEx_DisableFifoMode)
    HAL_UARTEx_RxEventCallback               0x08006719   Thumb Code     2  stm32h7xx_hal_uart.o(.text.HAL_UARTEx_RxEventCallback)
    HAL_UARTEx_RxFifoFullCallback            0x08006721   Thumb Code     2  stm32h7xx_hal_uart_ex.o(.text.HAL_UARTEx_RxFifoFullCallback)
    HAL_UARTEx_SetRxFifoThreshold            0x08006729   Thumb Code   140  stm32h7xx_hal_uart_ex.o(.text.HAL_UARTEx_SetRxFifoThreshold)
    HAL_UARTEx_SetTxFifoThreshold            0x080067b9   Thumb Code   140  stm32h7xx_hal_uart_ex.o(.text.HAL_UARTEx_SetTxFifoThreshold)
    HAL_UARTEx_TxFifoEmptyCallback           0x08006849   Thumb Code     2  stm32h7xx_hal_uart_ex.o(.text.HAL_UARTEx_TxFifoEmptyCallback)
    HAL_UARTEx_WakeupCallback                0x08006851   Thumb Code     2  stm32h7xx_hal_uart_ex.o(.text.HAL_UARTEx_WakeupCallback)
    HAL_UART_ErrorCallback                   0x08006859   Thumb Code     2  stm32h7xx_hal_uart.o(.text.HAL_UART_ErrorCallback)
    HAL_UART_IRQHandler                      0x08006861   Thumb Code  1674  stm32h7xx_hal_uart.o(.text.HAL_UART_IRQHandler)
    HAL_UART_Init                            0x08006ef1   Thumb Code   100  stm32h7xx_hal_uart.o(.text.HAL_UART_Init)
    HAL_UART_MspInit                         0x08006f59   Thumb Code   364  usart.o(.text.HAL_UART_MspInit)
    HAL_UART_TxCpltCallback                  0x080070c9   Thumb Code     2  stm32h7xx_hal_uart.o(.text.HAL_UART_TxCpltCallback)
    HardFault_Handler                        0x080070d1   Thumb Code     2  stm32h7xx_it.o(.text.HardFault_Handler)
    MX_DMA_Init                              0x080070d9   Thumb Code    52  dma.o(.text.MX_DMA_Init)
    MX_FDCAN1_Init                           0x08007111   Thumb Code   116  fdcan.o(.text.MX_FDCAN1_Init)
    MX_FDCAN2_Init                           0x08007189   Thumb Code   118  fdcan.o(.text.MX_FDCAN2_Init)
    MX_GPIO_Init                             0x08007201   Thumb Code   208  gpio.o(.text.MX_GPIO_Init)
    MX_TIM3_Init                             0x080072d1   Thumb Code   114  tim.o(.text.MX_TIM3_Init)
    MX_TIM4_Init                             0x08007349   Thumb Code   114  tim.o(.text.MX_TIM4_Init)
    MX_UART7_Init                            0x080073c1   Thumb Code   124  usart.o(.text.MX_UART7_Init)
    MX_USART10_UART_Init                     0x08007441   Thumb Code   124  usart.o(.text.MX_USART10_UART_Init)
    MX_USB_DEVICE_Init                       0x080074c1   Thumb Code   108  usb_device.o(.text.MX_USB_DEVICE_Init)
    MemManage_Handler                        0x08007531   Thumb Code     2  stm32h7xx_it.o(.text.MemManage_Handler)
    NMI_Handler                              0x08007539   Thumb Code     2  stm32h7xx_it.o(.text.NMI_Handler)
    OTG_HS_IRQHandler                        0x08007541   Thumb Code    12  stm32h7xx_it.o(.text.OTG_HS_IRQHandler)
    PendSV_Handler                           0x08007551   Thumb Code     2  stm32h7xx_it.o(.text.PendSV_Handler)
    Protocol_Execute_Router                  0x08007559   Thumb Code   924  ros_protocol.o(.text.Protocol_Execute_Router)
    Protocol_Parse_Stream                    0x08007909   Thumb Code   584  ros_protocol.o(.text.Protocol_Parse_Stream)
    Protocol_Send_Feedback                   0x08007b51   Thumb Code   460  ros_protocol.o(.text.Protocol_Send_Feedback)
    SVC_Handler                              0x08007f81   Thumb Code     2  stm32h7xx_it.o(.text.SVC_Handler)
    SysTick_Handler                          0x08007f89   Thumb Code     4  stm32h7xx_it.o(.text.SysTick_Handler)
    SystemClock_Config                       0x08007f91   Thumb Code   196  main.o(.text.SystemClock_Config)
    SystemInit                               0x08008059   Thumb Code   176  system_stm32h7xx.o(.text.SystemInit)
    TIM3_IRQHandler                          0x08008109   Thumb Code    12  stm32h7xx_it.o(.text.TIM3_IRQHandler)
    TIM4_IRQHandler                          0x08008119   Thumb Code    12  stm32h7xx_it.o(.text.TIM4_IRQHandler)
    TIM_Base_SetConfig                       0x08008129   Thumb Code   376  stm32h7xx_hal_tim.o(.text.TIM_Base_SetConfig)
    UART7_IRQHandler                         0x080082a1   Thumb Code    12  stm32h7xx_it.o(.text.UART7_IRQHandler)
    UART_AdvFeatureConfig                    0x080082b1   Thumb Code   224  stm32h7xx_hal_uart.o(.text.UART_AdvFeatureConfig)
    UART_CheckIdleState                      0x08008391   Thumb Code   366  stm32h7xx_hal_uart.o(.text.UART_CheckIdleState)
    UART_SetConfig                           0x08008509   Thumb Code  1176  stm32h7xx_hal_uart.o(.text.UART_SetConfig)
    UART_WaitOnFlagUntilTimeout              0x080089a9   Thumb Code   856  stm32h7xx_hal_uart.o(.text.UART_WaitOnFlagUntilTimeout)
    USART10_IRQHandler                       0x08008d01   Thumb Code    12  stm32h7xx_it.o(.text.USART10_IRQHandler)
    USBD_CDC_GetDeviceQualifierDescriptor    0x08008e61   Thumb Code    16  usbd_cdc.o(.text.USBD_CDC_GetDeviceQualifierDescriptor)
    USBD_CDC_ReceivePacket                   0x08009049   Thumb Code    48  usbd_cdc.o(.text.USBD_CDC_ReceivePacket)
    USBD_CDC_RegisterInterface               0x08009079   Thumb Code    24  usbd_cdc.o(.text.USBD_CDC_RegisterInterface)
    USBD_CDC_SetRxBuffer                     0x08009091   Thumb Code    28  usbd_cdc.o(.text.USBD_CDC_SetRxBuffer)
    USBD_CDC_SetTxBuffer                     0x080090b1   Thumb Code    32  usbd_cdc.o(.text.USBD_CDC_SetTxBuffer)
    USBD_CDC_TransmitPacket                  0x080091b9   Thumb Code    68  usbd_cdc.o(.text.USBD_CDC_TransmitPacket)
    USBD_ClrClassConfig                      0x08009201   Thumb Code    18  usbd_core.o(.text.USBD_ClrClassConfig)
    USBD_CoreFindEP                          0x08009219   Thumb Code     4  usbd_core.o(.text.USBD_CoreFindEP)
    USBD_CoreFindIF                          0x08009221   Thumb Code     4  usbd_core.o(.text.USBD_CoreFindIF)
    USBD_CtlContinueRx                       0x08009229   Thumb Code    16  usbd_ioreq.o(.text.USBD_CtlContinueRx)
    USBD_CtlContinueSendData                 0x08009239   Thumb Code    16  usbd_ioreq.o(.text.USBD_CtlContinueSendData)
    USBD_CtlError                            0x08009249   Thumb Code    22  usbd_ctlreq.o(.text.USBD_CtlError)
    USBD_CtlPrepareRx                        0x08009261   Thumb Code    32  usbd_ioreq.o(.text.USBD_CtlPrepareRx)
    USBD_CtlReceiveStatus                    0x08009281   Thumb Code    22  usbd_ioreq.o(.text.USBD_CtlReceiveStatus)
    USBD_CtlSendData                         0x08009299   Thumb Code    30  usbd_ioreq.o(.text.USBD_CtlSendData)
    USBD_CtlSendStatus                       0x080092b9   Thumb Code    22  usbd_ioreq.o(.text.USBD_CtlSendStatus)
    USBD_GetEpDesc                           0x080092d1   Thumb Code   132  usbd_core.o(.text.USBD_GetEpDesc)
    USBD_GetString                           0x08009359   Thumb Code   256  usbd_ctlreq.o(.text.USBD_GetString)
    USBD_HS_ConfigStrDescriptor              0x08009459   Thumb Code    24  usbd_desc.o(.text.USBD_HS_ConfigStrDescriptor)
    USBD_HS_DeviceDescriptor                 0x08009481   Thumb Code    14  usbd_desc.o(.text.USBD_HS_DeviceDescriptor)
    USBD_HS_InterfaceStrDescriptor           0x08009491   Thumb Code    24  usbd_desc.o(.text.USBD_HS_InterfaceStrDescriptor)
    USBD_HS_LangIDStrDescriptor              0x080094b9   Thumb Code    14  usbd_desc.o(.text.USBD_HS_LangIDStrDescriptor)
    USBD_HS_ManufacturerStrDescriptor        0x080094c9   Thumb Code    24  usbd_desc.o(.text.USBD_HS_ManufacturerStrDescriptor)
    USBD_HS_ProductStrDescriptor             0x080094f9   Thumb Code    24  usbd_desc.o(.text.USBD_HS_ProductStrDescriptor)
    USBD_HS_SerialStrDescriptor              0x08009529   Thumb Code   364  usbd_desc.o(.text.USBD_HS_SerialStrDescriptor)
    USBD_Init                                0x08009699   Thumb Code    40  usbd_core.o(.text.USBD_Init)
    USBD_LL_ClearStallEP                     0x080096c1   Thumb Code    34  usbd_conf.o(.text.USBD_LL_ClearStallEP)
    USBD_LL_CloseEP                          0x080096e9   Thumb Code    34  usbd_conf.o(.text.USBD_LL_CloseEP)
    USBD_LL_DataInStage                      0x08009711   Thumb Code   184  usbd_core.o(.text.USBD_LL_DataInStage)
    USBD_LL_DataOutStage                     0x080097c9   Thumb Code   124  usbd_core.o(.text.USBD_LL_DataOutStage)
    USBD_LL_DevConnected                     0x08009849   Thumb Code     4  usbd_core.o(.text.USBD_LL_DevConnected)
    USBD_LL_DevDisconnected                  0x08009851   Thumb Code    32  usbd_core.o(.text.USBD_LL_DevDisconnected)
    USBD_LL_GetRxDataSize                    0x08009871   Thumb Code     8  usbd_conf.o(.text.USBD_LL_GetRxDataSize)
    USBD_LL_Init                             0x08009879   Thumb Code   114  usbd_conf.o(.text.USBD_LL_Init)
    USBD_LL_IsStallEP                        0x080098f1   Thumb Code    42  usbd_conf.o(.text.USBD_LL_IsStallEP)
    USBD_LL_IsoINIncomplete                  0x08009921   Thumb Code    44  usbd_core.o(.text.USBD_LL_IsoINIncomplete)
    USBD_LL_IsoOUTIncomplete                 0x08009951   Thumb Code    44  usbd_core.o(.text.USBD_LL_IsoOUTIncomplete)
    USBD_LL_OpenEP                           0x08009981   Thumb Code    40  usbd_conf.o(.text.USBD_LL_OpenEP)
    USBD_LL_PrepareReceive                   0x080099a9   Thumb Code    34  usbd_conf.o(.text.USBD_LL_PrepareReceive)
    USBD_LL_Reset                            0x080099d1   Thumb Code    98  usbd_core.o(.text.USBD_LL_Reset)
    USBD_LL_Resume                           0x08009a39   Thumb Code    20  usbd_core.o(.text.USBD_LL_Resume)
    USBD_LL_SOF                              0x08009a51   Thumb Code    30  usbd_core.o(.text.USBD_LL_SOF)
    USBD_LL_SetSpeed                         0x08009a71   Thumb Code     8  usbd_core.o(.text.USBD_LL_SetSpeed)
    USBD_LL_SetUSBAddress                    0x08009a79   Thumb Code    34  usbd_conf.o(.text.USBD_LL_SetUSBAddress)
    USBD_LL_SetupStage                       0x08009aa1   Thumb Code    98  usbd_core.o(.text.USBD_LL_SetupStage)
    USBD_LL_StallEP                          0x08009b09   Thumb Code    34  usbd_conf.o(.text.USBD_LL_StallEP)
    USBD_LL_Start                            0x08009b31   Thumb Code    34  usbd_conf.o(.text.USBD_LL_Start)
    USBD_LL_Suspend                          0x08009b59   Thumb Code    28  usbd_core.o(.text.USBD_LL_Suspend)
    USBD_LL_Transmit                         0x08009b79   Thumb Code    34  usbd_conf.o(.text.USBD_LL_Transmit)
    USBD_ParseSetupRequest                   0x08009ba1   Thumb Code    22  usbd_ctlreq.o(.text.USBD_ParseSetupRequest)
    USBD_RegisterClass                       0x08009bb9   Thumb Code    70  usbd_core.o(.text.USBD_RegisterClass)
    USBD_SetClassConfig                      0x08009c01   Thumb Code    16  usbd_core.o(.text.USBD_SetClassConfig)
    USBD_Start                               0x08009c11   Thumb Code     4  usbd_core.o(.text.USBD_Start)
    USBD_StdDevReq                           0x08009c19   Thumb Code   910  usbd_ctlreq.o(.text.USBD_StdDevReq)
    USBD_StdEPReq                            0x08009fa9   Thumb Code   356  usbd_ctlreq.o(.text.USBD_StdEPReq)
    USBD_StdItfReq                           0x0800a111   Thumb Code   120  usbd_ctlreq.o(.text.USBD_StdItfReq)
    USBD_static_free                         0x0800a189   Thumb Code     2  usbd_conf.o(.text.USBD_static_free)
    USBD_static_malloc                       0x0800a191   Thumb Code    10  usbd_conf.o(.text.USBD_static_malloc)
    USB_ActivateEndpoint                     0x0800a1a1   Thumb Code   134  stm32h7xx_ll_usb.o(.text.USB_ActivateEndpoint)
    USB_ActivateSetup                        0x0800a229   Thumb Code    32  stm32h7xx_ll_usb.o(.text.USB_ActivateSetup)
    USB_CoreInit                             0x0800a249   Thumb Code   658  stm32h7xx_ll_usb.o(.text.USB_CoreInit)
    USB_DeactivateEndpoint                   0x0800a4e1   Thumb Code   124  stm32h7xx_ll_usb.o(.text.USB_DeactivateEndpoint)
    USB_DevConnect                           0x0800a561   Thumb Code    30  stm32h7xx_ll_usb.o(.text.USB_DevConnect)
    USB_DevDisconnect                        0x0800a581   Thumb Code    30  stm32h7xx_ll_usb.o(.text.USB_DevDisconnect)
    USB_DevInit                              0x0800a5a1   Thumb Code  1196  stm32h7xx_ll_usb.o(.text.USB_DevInit)
    USB_DisableGlobalInt                     0x0800aa51   Thumb Code    14  stm32h7xx_ll_usb.o(.text.USB_DisableGlobalInt)
    USB_EP0_OutStart                         0x0800aa61   Thumb Code    90  stm32h7xx_ll_usb.o(.text.USB_EP0_OutStart)
    USB_EPClearStall                         0x0800aac1   Thumb Code    82  stm32h7xx_ll_usb.o(.text.USB_EPClearStall)
    USB_EPSetStall                           0x0800ab19   Thumb Code    64  stm32h7xx_ll_usb.o(.text.USB_EPSetStall)
    USB_EPStartXfer                          0x0800ab59   Thumb Code   578  stm32h7xx_ll_usb.o(.text.USB_EPStartXfer)
    USB_EPStopXfer                           0x0800ada1   Thumb Code   566  stm32h7xx_ll_usb.o(.text.USB_EPStopXfer)
    USB_EnableGlobalInt                      0x0800afd9   Thumb Code    14  stm32h7xx_ll_usb.o(.text.USB_EnableGlobalInt)
    USB_FlushTxFifo                          0x0800afe9   Thumb Code   190  stm32h7xx_ll_usb.o(.text.USB_FlushTxFifo)
    USB_GetDevSpeed                          0x0800b0a9   Thumb Code    26  stm32h7xx_ll_usb.o(.text.USB_GetDevSpeed)
    USB_GetMode                              0x0800b0c9   Thumb Code     8  stm32h7xx_ll_usb.o(.text.USB_GetMode)
    USB_ReadDevAllInEpInterrupt              0x0800b0d1   Thumb Code    14  stm32h7xx_ll_usb.o(.text.USB_ReadDevAllInEpInterrupt)
    USB_ReadDevAllOutEpInterrupt             0x0800b0e1   Thumb Code    14  stm32h7xx_ll_usb.o(.text.USB_ReadDevAllOutEpInterrupt)
    USB_ReadDevInEPInterrupt                 0x0800b0f1   Thumb Code    36  stm32h7xx_ll_usb.o(.text.USB_ReadDevInEPInterrupt)
    USB_ReadDevOutEPInterrupt                0x0800b119   Thumb Code    16  stm32h7xx_ll_usb.o(.text.USB_ReadDevOutEPInterrupt)
    USB_ReadInterrupts                       0x0800b129   Thumb Code     8  stm32h7xx_ll_usb.o(.text.USB_ReadInterrupts)
    USB_ReadPacket                           0x0800b131   Thumb Code   174  stm32h7xx_ll_usb.o(.text.USB_ReadPacket)
    USB_SetCurrentMode                       0x0800b1e1   Thumb Code   872  stm32h7xx_ll_usb.o(.text.USB_SetCurrentMode)
    USB_SetDevAddress                        0x0800b549   Thumb Code    34  stm32h7xx_ll_usb.o(.text.USB_SetDevAddress)
    USB_SetTurnaroundTime                    0x0800b571   Thumb Code   280  stm32h7xx_ll_usb.o(.text.USB_SetTurnaroundTime)
    USB_WritePacket                          0x0800b689   Thumb Code   120  stm32h7xx_ll_usb.o(.text.USB_WritePacket)
    UsageFault_Handler                       0x0800b701   Thumb Code     2  stm32h7xx_it.o(.text.UsageFault_Handler)
    bsp_can_init                             0x0800b709   Thumb Code   218  bsp_fdcan.o(.text.bsp_can_init)
    bsp_fdcan_set_baud                       0x0800b7e9   Thumb Code   192  bsp_fdcan.o(.text.bsp_fdcan_set_baud)
    cm_motor_ctrl_send                       0x0800b911   Thumb Code   648  cubemars_motor_drv.o(.text.cm_motor_ctrl_send)
    cm_motor_fb_decode                       0x0800bbb1   Thumb Code    88  cubemars_motor_drv.o(.text.cm_motor_fb_decode)
    cm_motor_probe                           0x0800bc11   Thumb Code    38  cubemars_motor_drv.o(.text.cm_motor_probe)
    cm_motor_set_absolute_zero               0x0800bc39   Thumb Code    42  cubemars_motor_drv.o(.text.cm_motor_set_absolute_zero)
    cubemars_motor_init                      0x0800bc69   Thumb Code    94  cubemars_motor_ctrl.o(.text.cubemars_motor_init)
    cubemars_rx_handler_can2                 0x0800bcc9   Thumb Code    46  cubemars_motor_ctrl.o(.text.cubemars_rx_handler_can2)
    dm_motor_ctrl_send                       0x0800bcf9   Thumb Code   412  dm_motor_drv.o(.text.dm_motor_ctrl_send)
    dm_motor_enable                          0x0800bea9   Thumb Code   108  dm_motor_drv.o(.text.dm_motor_enable)
    dm_motor_fbdata                          0x0800bf19   Thumb Code   192  dm_motor_drv.o(.text.dm_motor_fbdata)
    dm_motor_init                            0x0800bfe1   Thumb Code   316  dm_motor_ctrl.o(.text.dm_motor_init)
    fdcan1_rx_callback                       0x0800c121   Thumb Code   192  dm_motor_ctrl.o(.text.fdcan1_rx_callback)
    fdcan2_rx_callback                       0x0800c1e1   Thumb Code   254  dm_motor_ctrl.o(.text.fdcan2_rx_callback)
    fdcanx_receive                           0x0800c2e1   Thumb Code    64  bsp_fdcan.o(.text.fdcanx_receive)
    fdcanx_send_data                         0x0800c329   Thumb Code    96  bsp_fdcan.o(.text.fdcanx_send_data)
    fdcanx_send_data_v2                      0x0800c3c1   Thumb Code   164  bsp_fdcan.o(.text.fdcanx_send_data_v2)
    get_moto_measure                         0x0800c469   Thumb Code   108  dm_motor_drv.o(.text.get_moto_measure)
    main                                     0x0800c4d9   Thumb Code   570  main.o(.text.main)
    receive_motor_data                       0x0800c719   Thumb Code   588  dm_motor_ctrl.o(.text.receive_motor_data)
    set_moto_current                         0x0800c969   Thumb Code    52  dm_motor_drv.o(.text.set_moto_current)
    __scatterload_copy                       0x0800c99d   Thumb Code    14  handlers.o(i.__scatterload_copy)
    __scatterload_null                       0x0800c9ab   Thumb Code     2  handlers.o(i.__scatterload_null)
    __scatterload_zeroinit                   0x0800c9ad   Thumb Code    14  handlers.o(i.__scatterload_zeroinit)
    D1CorePrescTable                         0x0800ca14   Data          16  system_stm32h7xx.o(.rodata.D1CorePrescTable)
    UARTPrescTable                           0x0800ca24   Data          24  stm32h7xx_hal_uart.o(.rodata.UARTPrescTable)
    Region$$Table$$Base                      0x0800ca5c   Number         0  anon$$obj.o(Region$$Table)
    Region$$Table$$Limit                     0x0800ca7c   Number         0  anon$$obj.o(Region$$Table)
    init_flag_1                              0x24000000   Data           1  main.o(.data..L_MergedGlobals)
    init_flag_4                              0x24000001   Data           1  main.o(.data..L_MergedGlobals)
    init_flag_5                              0x24000002   Data           1  main.o(.data..L_MergedGlobals)
    uwTickFreq                               0x24000004   Data           1  stm32h7xx_hal.o(.data..L_MergedGlobals)
    uwTickPrio                               0x24000008   Data           4  stm32h7xx_hal.o(.data..L_MergedGlobals)
    SystemCoreClock                          0x2400000c   Data           4  system_stm32h7xx.o(.data..L_MergedGlobals)
    SystemD2Clock                            0x24000010   Data           4  system_stm32h7xx.o(.data..L_MergedGlobals)
    HS_Desc                                  0x24000014   Data          32  usbd_desc.o(.data.HS_Desc)
    USBD_CDC                                 0x24000038   Data          56  usbd_cdc.o(.data.USBD_CDC)
    USBD_HS_DeviceDesc                       0x240000c0   Data          18  usbd_desc.o(.data.USBD_HS_DeviceDesc)
    USBD_Interface_fops_HS                   0x240000d4   Data          20  usbd_cdc_if.o(.data.USBD_Interface_fops_HS)
    USBD_LangIDDesc                          0x240000e8   Data           4  usbd_desc.o(.data.USBD_LangIDDesc)
    USBD_StringSerial                        0x240000ec   Data          26  usbd_desc.o(.data.USBD_StringSerial)
    first_moto_cb                            0x24000106   Data           1  main.o(.data.first_moto_cb)
    current_sys_state                        0x24000108   Data           1  ros_protocol.o(.bss..L_MergedGlobals)
    last_usb_rx_time                         0x2400010c   Data           4  ros_protocol.o(.bss..L_MergedGlobals)
    USB_Tx_Buffer                            0x24000110   Data          79  ros_protocol.o(.bss..L_MergedGlobals)
    system_state                             0x24000160   Data           1  main.o(.bss..L_MergedGlobals.5)
    init_flag_3                              0x24000161   Data           1  main.o(.bss..L_MergedGlobals.5)
    init_flag_2                              0x24000162   Data           1  main.o(.bss..L_MergedGlobals.5)
    state_timer                              0x24000164   Data           4  main.o(.bss..L_MergedGlobals.5)
    target_position                          0x24000168   Data           4  main.o(.bss..L_MergedGlobals.5)
    ctrl                                     0x2400016c   Data          56  main.o(.bss..L_MergedGlobals.5)
    Current_Target_Cmd                       0x240001a4   Data         132  ros_protocol.o(.bss.Current_Target_Cmd)
    USBD_StrDesc                             0x24000230   Data         512  usbd_desc.o(.bss.USBD_StrDesc)
    USB_Rx_Buffer                            0x24000650   Data         132  ros_protocol.o(.bss.USB_Rx_Buffer)
    UserRxBufferHS                           0x240006d4   Data        2048  usbd_cdc_if.o(.bss.UserRxBufferHS)
    UserTxBufferHS                           0x24000ed4   Data        2048  usbd_cdc_if.o(.bss.UserTxBufferHS)
    cm_motor                                 0x240016d4   Data         288  cubemars_motor_ctrl.o(.bss.cm_motor)
    hUsbDeviceHS                             0x240017f4   Data         732  usb_device.o(.bss.hUsbDeviceHS)
    hdma_usart10_tx                          0x24001ad0   Data         120  usart.o(.bss.hdma_usart10_tx)
    hfdcan1                                  0x24001b48   Data         160  fdcan.o(.bss.hfdcan1)
    hfdcan2                                  0x24001be8   Data         160  fdcan.o(.bss.hfdcan2)
    hpcd_USB_OTG_HS                          0x24001c88   Data        1252  usbd_conf.o(.bss.hpcd_USB_OTG_HS)
    htim3                                    0x2400216c   Data          76  tim.o(.bss.htim3)
    htim4                                    0x240021b8   Data          76  tim.o(.bss.htim4)
    huart10                                  0x24002204   Data         148  usart.o(.bss.huart10)
    huart7                                   0x24002298   Data         148  usart.o(.bss.huart7)
    moto_dji2006                             0x2400232c   Data          48  dm_motor_drv.o(.bss.moto_dji2006)
    motor                                    0x2400235c   Data        2720  dm_motor_ctrl.o(.bss.motor)
    rec_t                                    0x24002e00   Data          40  dm_motor_ctrl.o(.bss.rec_t)
    uwTick                                   0x24002f28   Data           4  stm32h7xx_hal.o(.bss.uwTick)
    __initial_sp                             0x24003330   Data           0  startup_stm32h723xx.o(STACK)



==============================================================================

Memory Map of the image

  Image Entry point : 0x080002cd

  Load Region LR_IROM1 (Base: 0x08000000, Size: 0x0000cb88, Max: 0x00100000, ABSOLUTE)

    Execution Region ER_IROM1 (Exec base: 0x08000000, Load base: 0x08000000, Size: 0x0000ca7c, Max: 0x00100000, ABSOLUTE)

    Exec Addr    Load Addr    Size         Type   Attr      Idx    E Section Name        Object

    0x08000000   0x08000000   0x000002cc   Data   RO            3    RESET               startup_stm32h723xx.o
    0x080002cc   0x080002cc   0x00000000   Code   RO         2397  * .ARM.Collect$$$$00000000  mc_w.l(entry.o)
    0x080002cc   0x080002cc   0x00000004   Code   RO         2426    .ARM.Collect$$$$00000001  mc_w.l(entry2.o)
    0x080002d0   0x080002d0   0x00000004   Code   RO         2429    .ARM.Collect$$$$00000004  mc_w.l(entry5.o)
    0x080002d4   0x080002d4   0x00000000   Code   RO         2431    .ARM.Collect$$$$00000008  mc_w.l(entry7b.o)
    0x080002d4   0x080002d4   0x00000000   Code   RO         2433    .ARM.Collect$$$$0000000A  mc_w.l(entry8b.o)
    0x080002d4   0x080002d4   0x00000008   Code   RO         2434    .ARM.Collect$$$$0000000B  mc_w.l(entry9a.o)
    0x080002dc   0x080002dc   0x00000000   Code   RO         2436    .ARM.Collect$$$$0000000D  mc_w.l(entry10a.o)
    0x080002dc   0x080002dc   0x00000000   Code   RO         2438    .ARM.Collect$$$$0000000F  mc_w.l(entry11a.o)
    0x080002dc   0x080002dc   0x00000004   Code   RO         2427    .ARM.Collect$$$$00002712  mc_w.l(entry2.o)
    0x080002e0   0x080002e0   0x00000024   Code   RO            4    .text               startup_stm32h723xx.o
    0x08000304   0x08000304   0x00000062   Code   RO         2400    .text               mc_w.l(uldiv.o)
    0x08000366   0x08000366   0x00000040   Code   RO         2404    .text               mc_w.l(memmovea.o)
    0x080003a6   0x080003a6   0x00000024   Code   RO         2406    .text               mc_w.l(memseta.o)
    0x080003ca   0x080003ca   0x0000001e   Code   RO         2440    .text               mc_w.l(llshl.o)
    0x080003e8   0x080003e8   0x00000020   Code   RO         2442    .text               mc_w.l(llushr.o)
    0x08000408   0x08000408   0x00000030   Code   RO         2454    .text               mc_w.l(init.o)
    0x08000438   0x08000438   0x00000002   Code   RO          160    .text.BusFault_Handler  stm32h7xx_it.o
    0x0800043a   0x0800043a   0x00000006   PAD
    0x08000440   0x08000440   0x00000004   Code   RO         2161    .text.CDC_Control_HS  usbd_cdc_if.o
    0x08000444   0x08000444   0x00000004   PAD
    0x08000448   0x08000448   0x00000004   Code   RO         2159    .text.CDC_DeInit_HS  usbd_cdc_if.o
    0x0800044c   0x0800044c   0x00000004   PAD
    0x08000450   0x08000450   0x0000002c   Code   RO         2157    .text.CDC_Init_HS   usbd_cdc_if.o
    0x0800047c   0x0800047c   0x00000004   PAD
    0x08000480   0x08000480   0x00000028   Code   RO         2163    .text.CDC_Receive_HS  usbd_cdc_if.o
    0x080004a8   0x080004a8   0x00000004   Code   RO         2165    .text.CDC_TransmitCplt_HS  usbd_cdc_if.o
    0x080004ac   0x080004ac   0x00000004   PAD
    0x080004b0   0x080004b0   0x00000036   Code   RO         2167    .text.CDC_Transmit_HS  usbd_cdc_if.o
    0x080004e6   0x080004e6   0x00000002   PAD
    0x080004e8   0x080004e8   0x0000000c   Code   RO          172    .text.DMA1_Stream0_IRQHandler  stm32h7xx_it.o
    0x080004f4   0x080004f4   0x00000004   PAD
    0x080004f8   0x080004f8   0x00000128   Code   RO          624    .text.DMA_CalcBaseAndBitshift  stm32h7xx_hal_dma.o
    0x08000620   0x08000620   0x00000002   Code   RO          166    .text.DebugMon_Handler  stm32h7xx_it.o
    0x08000622   0x08000622   0x00000006   PAD
    0x08000628   0x08000628   0x00000006   Code   RO           56    .text.Error_Handler  main.o
    0x0800062e   0x0800062e   0x00000002   PAD
    0x08000630   0x08000630   0x0000000c   Code   RO          174    .text.FDCAN1_IT0_IRQHandler  stm32h7xx_it.o
    0x0800063c   0x0800063c   0x00000004   PAD
    0x08000640   0x08000640   0x0000000c   Code   RO          178    .text.FDCAN1_IT1_IRQHandler  stm32h7xx_it.o
    0x0800064c   0x0800064c   0x00000004   PAD
    0x08000650   0x08000650   0x0000000c   Code   RO          176    .text.FDCAN2_IT0_IRQHandler  stm32h7xx_it.o
    0x0800065c   0x0800065c   0x00000004   PAD
    0x08000660   0x08000660   0x0000000c   Code   RO          180    .text.FDCAN2_IT1_IRQHandler  stm32h7xx_it.o
    0x0800066c   0x0800066c   0x00000004   PAD
    0x08000670   0x08000670   0x0000001e   Code   RO          186    .text.FDCAN_CAL_IRQHandler  stm32h7xx_it.o
    0x0800068e   0x0800068e   0x00000002   PAD
    0x08000690   0x08000690   0x00000526   Code   RO          634    .text.HAL_DMA_Abort  stm32h7xx_hal_dma.o
    0x08000bb6   0x08000bb6   0x00000002   PAD
    0x08000bb8   0x08000bb8   0x000002b6   Code   RO          636    .text.HAL_DMA_Abort_IT  stm32h7xx_hal_dma.o
    0x08000e6e   0x08000e6e   0x00000002   PAD
    0x08000e70   0x08000e70   0x00000824   Code   RO          640    .text.HAL_DMA_IRQHandler  stm32h7xx_hal_dma.o
    0x08001694   0x08001694   0x00000004   PAD
    0x08001698   0x08001698   0x0000069a   Code   RO          622    .text.HAL_DMA_Init  stm32h7xx_hal_dma.o
    0x08001d32   0x08001d32   0x00000006   PAD
    0x08001d38   0x08001d38   0x00000028   Code   RO          928    .text.HAL_Delay     stm32h7xx_hal.o
    0x08001d60   0x08001d60   0x0000008a   Code   RO         1374    .text.HAL_FDCAN_ActivateNotification  stm32h7xx_hal_fdcan.o
    0x08001dea   0x08001dea   0x00000006   PAD
    0x08001df0   0x08001df0   0x000000ea   Code   RO         1296    .text.HAL_FDCAN_AddMessageToTxFifoQ  stm32h7xx_hal_fdcan.o
    0x08001eda   0x08001eda   0x00000006   PAD
    0x08001ee0   0x08001ee0   0x00000002   Code   RO         1388    .text.HAL_FDCAN_ClockCalibrationCallback  stm32h7xx_hal_fdcan.o
    0x08001ee2   0x08001ee2   0x00000006   PAD
    0x08001ee8   0x08001ee8   0x0000005e   Code   RO         1256    .text.HAL_FDCAN_ConfigFifoWatermark  stm32h7xx_hal_fdcan.o
    0x08001f46   0x08001f46   0x00000002   PAD
    0x08001f48   0x08001f48   0x0000008c   Code   RO         1248    .text.HAL_FDCAN_ConfigFilter  stm32h7xx_hal_fdcan.o
    0x08001fd4   0x08001fd4   0x00000004   PAD
    0x08001fd8   0x08001fd8   0x00000038   Code   RO         1250    .text.HAL_FDCAN_ConfigGlobalFilter  stm32h7xx_hal_fdcan.o
    0x08002010   0x08002010   0x0000002c   Code   RO         1230    .text.HAL_FDCAN_DeInit  stm32h7xx_hal_fdcan.o
    0x0800203c   0x0800203c   0x00000004   PAD
    0x08002040   0x08002040   0x00000002   Code   RO         1416    .text.HAL_FDCAN_ErrorCallback  stm32h7xx_hal_fdcan.o
    0x08002042   0x08002042   0x00000006   PAD
    0x08002048   0x08002048   0x00000012   Code   RO         2004    .text.HAL_FDCAN_ErrorStatusCallback  bsp_fdcan.o
    0x0800205a   0x0800205a   0x00000006   PAD
    0x08002060   0x08002060   0x00000206   Code   RO         1306    .text.HAL_FDCAN_GetRxMessage  stm32h7xx_hal_fdcan.o
    0x08002266   0x08002266   0x00000002   PAD
    0x08002268   0x08002268   0x00000002   Code   RO         1384    .text.HAL_FDCAN_HighPriorityMessageCallback  stm32h7xx_hal_fdcan.o
    0x0800226a   0x0800226a   0x00000006   PAD
    0x08002270   0x08002270   0x00000334   Code   RO         1382    .text.HAL_FDCAN_IRQHandler  stm32h7xx_hal_fdcan.o
    0x080025a4   0x080025a4   0x00000004   PAD
    0x080025a8   0x080025a8   0x000003fc   Code   RO         1226    .text.HAL_FDCAN_Init  stm32h7xx_hal_fdcan.o
    0x080029a4   0x080029a4   0x00000004   PAD
    0x080029a8   0x080029a8   0x000000a4   Code   RO          104    .text.HAL_FDCAN_MspDeInit  fdcan.o
    0x08002a4c   0x08002a4c   0x00000004   PAD
    0x08002a50   0x08002a50   0x0000015a   Code   RO          102    .text.HAL_FDCAN_MspInit  fdcan.o
    0x08002baa   0x08002baa   0x00000006   PAD
    0x08002bb0   0x08002bb0   0x00000002   Code   RO         1400    .text.HAL_FDCAN_RxBufferNewMessageCallback  stm32h7xx_hal_fdcan.o
    0x08002bb2   0x08002bb2   0x00000006   PAD
    0x08002bb8   0x08002bb8   0x00000024   Code   RO         2000    .text.HAL_FDCAN_RxFifo0Callback  bsp_fdcan.o
    0x08002bdc   0x08002bdc   0x00000004   PAD
    0x08002be0   0x08002be0   0x00000002   Code   RO         2002    .text.HAL_FDCAN_RxFifo1Callback  bsp_fdcan.o
    0x08002be2   0x08002be2   0x00000006   PAD
    0x08002be8   0x08002be8   0x00000034   Code   RO         1294    .text.HAL_FDCAN_Start  stm32h7xx_hal_fdcan.o
    0x08002c1c   0x08002c1c   0x00000004   PAD
    0x08002c20   0x08002c20   0x00000382   Code   RO         1232    .text.HAL_FDCAN_Stop  stm32h7xx_hal_fdcan.o
    0x08002fa2   0x08002fa2   0x00000006   PAD
    0x08002fa8   0x08002fa8   0x00000002   Code   RO         1414    .text.HAL_FDCAN_TT_GlobalTimeCallback  stm32h7xx_hal_fdcan.o
    0x08002faa   0x08002faa   0x00000006   PAD
    0x08002fb0   0x08002fb0   0x00000002   Code   RO         1408    .text.HAL_FDCAN_TT_ScheduleSyncCallback  stm32h7xx_hal_fdcan.o
    0x08002fb2   0x08002fb2   0x00000006   PAD
    0x08002fb8   0x08002fb8   0x00000002   Code   RO         1412    .text.HAL_FDCAN_TT_StopWatchCallback  stm32h7xx_hal_fdcan.o
    0x08002fba   0x08002fba   0x00000006   PAD
    0x08002fc0   0x08002fc0   0x00000002   Code   RO         1410    .text.HAL_FDCAN_TT_TimeMarkCallback  stm32h7xx_hal_fdcan.o
    0x08002fc2   0x08002fc2   0x00000006   PAD
    0x08002fc8   0x08002fc8   0x00000002   Code   RO         1404    .text.HAL_FDCAN_TimeoutOccurredCallback  stm32h7xx_hal_fdcan.o
    0x08002fca   0x08002fca   0x00000006   PAD
    0x08002fd0   0x08002fd0   0x00000002   Code   RO         1402    .text.HAL_FDCAN_TimestampWraparoundCallback  stm32h7xx_hal_fdcan.o
    0x08002fd2   0x08002fd2   0x00000006   PAD
    0x08002fd8   0x08002fd8   0x00000002   Code   RO         1386    .text.HAL_FDCAN_TxBufferAbortCallback  stm32h7xx_hal_fdcan.o
    0x08002fda   0x08002fda   0x00000006   PAD
    0x08002fe0   0x08002fe0   0x00000002   Code   RO         1398    .text.HAL_FDCAN_TxBufferCompleteCallback  stm32h7xx_hal_fdcan.o
    0x08002fe2   0x08002fe2   0x00000006   PAD
    0x08002fe8   0x08002fe8   0x00000002   Code   RO         1390    .text.HAL_FDCAN_TxEventFifoCallback  stm32h7xx_hal_fdcan.o
    0x08002fea   0x08002fea   0x00000006   PAD
    0x08002ff0   0x08002ff0   0x00000002   Code   RO         1396    .text.HAL_FDCAN_TxFifoEmptyCallback  stm32h7xx_hal_fdcan.o
    0x08002ff2   0x08002ff2   0x00000006   PAD
    0x08002ff8   0x08002ff8   0x0000011c   Code   RO          570    .text.HAL_GPIO_DeInit  stm32h7xx_hal_gpio.o
    0x08003114   0x08003114   0x00000004   PAD
    0x08003118   0x08003118   0x000001e2   Code   RO          568    .text.HAL_GPIO_Init  stm32h7xx_hal_gpio.o
    0x080032fa   0x080032fa   0x00000006   PAD
    0x08003300   0x08003300   0x0000000a   Code   RO          574    .text.HAL_GPIO_WritePin  stm32h7xx_hal_gpio.o
    0x0800330a   0x0800330a   0x00000006   PAD
    0x08003310   0x08003310   0x0000000c   Code   RO          920    .text.HAL_GetTick   stm32h7xx_hal.o
    0x0800331c   0x0800331c   0x00000004   PAD
    0x08003320   0x08003320   0x0000001a   Code   RO          918    .text.HAL_IncTick   stm32h7xx_hal.o
    0x0800333a   0x0800333a   0x00000006   PAD
    0x08003340   0x08003340   0x00000064   Code   RO          908    .text.HAL_Init      stm32h7xx_hal.o
    0x080033a4   0x080033a4   0x00000004   PAD
    0x080033a8   0x080033a8   0x00000050   Code   RO          910    .text.HAL_InitTick  stm32h7xx_hal.o
    0x080033f8   0x080033f8   0x00000020   Code   RO          201    .text.HAL_MspInit   stm32h7xx_hal_msp.o
    0x08003418   0x08003418   0x0000002a   Code   RO          862    .text.HAL_NVIC_DisableIRQ  stm32h7xx_hal_cortex.o
    0x08003442   0x08003442   0x00000006   PAD
    0x08003448   0x08003448   0x00000022   Code   RO          860    .text.HAL_NVIC_EnableIRQ  stm32h7xx_hal_cortex.o
    0x0800346a   0x0800346a   0x00000006   PAD
    0x08003470   0x08003470   0x0000005a   Code   RO          858    .text.HAL_NVIC_SetPriority  stm32h7xx_hal_cortex.o
    0x080034ca   0x080034ca   0x00000006   PAD
    0x080034d0   0x080034d0   0x00000020   Code   RO          856    .text.HAL_NVIC_SetPriorityGrouping  stm32h7xx_hal_cortex.o
    0x080034f0   0x080034f0   0x00000026   Code   RO          289    .text.HAL_PCDEx_ActivateLPM  stm32h7xx_hal_pcd_ex.o
    0x08003516   0x08003516   0x00000002   PAD
    0x08003518   0x08003518   0x00000002   Code   RO          301    .text.HAL_PCDEx_LPM_Callback  stm32h7xx_hal_pcd_ex.o
    0x0800351a   0x0800351a   0x00000006   PAD
    0x08003520   0x08003520   0x00000008   Code   RO          287    .text.HAL_PCDEx_SetRxFiFo  stm32h7xx_hal_pcd_ex.o
    0x08003528   0x08003528   0x000000ce   Code   RO          285    .text.HAL_PCDEx_SetTxFiFo  stm32h7xx_hal_pcd_ex.o
    0x080035f6   0x080035f6   0x00000002   PAD
    0x080035f8   0x080035f8   0x00000008   Code   RO         2202    .text.HAL_PCD_ConnectCallback  usbd_conf.o
    0x08003600   0x08003600   0x00000012   Code   RO         2188    .text.HAL_PCD_DataInStageCallback  usbd_conf.o
    0x08003612   0x08003612   0x00000006   PAD
    0x08003618   0x08003618   0x00000014   Code   RO         2186    .text.HAL_PCD_DataOutStageCallback  usbd_conf.o
    0x0800362c   0x0800362c   0x00000004   PAD
    0x08003630   0x08003630   0x00000008   Code   RO         2204    .text.HAL_PCD_DisconnectCallback  usbd_conf.o
    0x08003638   0x08003638   0x00000050   Code   RO          255    .text.HAL_PCD_EP_Close  stm32h7xx_hal_pcd.o
    0x08003688   0x08003688   0x00000058   Code   RO          265    .text.HAL_PCD_EP_ClrStall  stm32h7xx_hal_pcd.o
    0x080036e0   0x080036e0   0x00000012   Code   RO          259    .text.HAL_PCD_EP_GetRxCount  stm32h7xx_hal_pcd.o
    0x080036f2   0x080036f2   0x00000006   PAD
    0x080036f8   0x080036f8   0x0000007e   Code   RO          253    .text.HAL_PCD_EP_Open  stm32h7xx_hal_pcd.o
    0x08003776   0x08003776   0x00000002   PAD
    0x08003778   0x08003778   0x00000038   Code   RO          257    .text.HAL_PCD_EP_Receive  stm32h7xx_hal_pcd.o
    0x080037b0   0x080037b0   0x00000070   Code   RO          263    .text.HAL_PCD_EP_SetStall  stm32h7xx_hal_pcd.o
    0x08003820   0x08003820   0x0000003c   Code   RO          261    .text.HAL_PCD_EP_Transmit  stm32h7xx_hal_pcd.o
    0x0800385c   0x0800385c   0x00000004   PAD
    0x08003860   0x08003860   0x00000a86   Code   RO          221    .text.HAL_PCD_IRQHandler  stm32h7xx_hal_pcd.o
    0x080042e6   0x080042e6   0x00000002   PAD
    0x080042e8   0x080042e8   0x00000008   Code   RO         2200    .text.HAL_PCD_ISOINIncompleteCallback  usbd_conf.o
    0x080042f0   0x080042f0   0x00000008   Code   RO         2198    .text.HAL_PCD_ISOOUTIncompleteCallback  usbd_conf.o
    0x080042f8   0x080042f8   0x0000027a   Code   RO          209    .text.HAL_PCD_Init  stm32h7xx_hal_pcd.o
    0x08004572   0x08004572   0x00000006   PAD
    0x08004578   0x08004578   0x00000072   Code   RO         2180    .text.HAL_PCD_MspInit  usbd_conf.o
    0x080045ea   0x080045ea   0x00000006   PAD
    0x080045f0   0x080045f0   0x0000002a   Code   RO         2192    .text.HAL_PCD_ResetCallback  usbd_conf.o
    0x0800461a   0x0800461a   0x00000006   PAD
    0x08004620   0x08004620   0x00000008   Code   RO         2196    .text.HAL_PCD_ResumeCallback  usbd_conf.o
    0x08004628   0x08004628   0x00000008   Code   RO         2190    .text.HAL_PCD_SOFCallback  usbd_conf.o
    0x08004630   0x08004630   0x00000028   Code   RO          251    .text.HAL_PCD_SetAddress  stm32h7xx_hal_pcd.o
    0x08004658   0x08004658   0x0000000e   Code   RO         2184    .text.HAL_PCD_SetupStageCallback  usbd_conf.o
    0x08004666   0x08004666   0x00000002   PAD
    0x08004668   0x08004668   0x0000003e   Code   RO          217    .text.HAL_PCD_Start  stm32h7xx_hal_pcd.o
    0x080046a6   0x080046a6   0x00000002   PAD
    0x080046a8   0x080046a8   0x00000034   Code   RO         2194    .text.HAL_PCD_SuspendCallback  usbd_conf.o
    0x080046dc   0x080046dc   0x00000004   PAD
    0x080046e0   0x080046e0   0x0000004c   Code   RO          772    .text.HAL_PWREx_ConfigSupply  stm32h7xx_hal_pwr_ex.o
    0x0800472c   0x0800472c   0x00000004   PAD
    0x08004730   0x08004730   0x00000012   Code   RO          822    .text.HAL_PWREx_EnableUSBVoltageDetector  stm32h7xx_hal_pwr_ex.o
    0x08004742   0x08004742   0x00000006   PAD
    0x08004748   0x08004748   0x00000026   Code   RO          459    .text.HAL_RCCEx_GetD3PCLK1Freq  stm32h7xx_hal_rcc_ex.o
    0x0800476e   0x0800476e   0x00000002   PAD
    0x08004770   0x08004770   0x0000012c   Code   RO          455    .text.HAL_RCCEx_GetPLL2ClockFreq  stm32h7xx_hal_rcc_ex.o
    0x0800489c   0x0800489c   0x00000004   PAD
    0x080048a0   0x080048a0   0x0000012c   Code   RO          457    .text.HAL_RCCEx_GetPLL3ClockFreq  stm32h7xx_hal_rcc_ex.o
    0x080049cc   0x080049cc   0x00000004   PAD
    0x080049d0   0x080049d0   0x00000a80   Code   RO          443    .text.HAL_RCCEx_PeriphCLKConfig  stm32h7xx_hal_rcc_ex.o
    0x08005450   0x08005450   0x00000254   Code   RO          411    .text.HAL_RCC_ClockConfig  stm32h7xx_hal_rcc.o
    0x080056a4   0x080056a4   0x00000004   PAD
    0x080056a8   0x080056a8   0x0000004c   Code   RO          421    .text.HAL_RCC_GetHCLKFreq  stm32h7xx_hal_rcc.o
    0x080056f4   0x080056f4   0x00000004   PAD
    0x080056f8   0x080056f8   0x00000060   Code   RO          423    .text.HAL_RCC_GetPCLK1Freq  stm32h7xx_hal_rcc.o
    0x08005758   0x08005758   0x00000060   Code   RO          425    .text.HAL_RCC_GetPCLK2Freq  stm32h7xx_hal_rcc.o
    0x080057b8   0x080057b8   0x00000118   Code   RO          413    .text.HAL_RCC_GetSysClockFreq  stm32h7xx_hal_rcc.o
    0x080058d0   0x080058d0   0x0000052c   Code   RO          409    .text.HAL_RCC_OscConfig  stm32h7xx_hal_rcc.o
    0x08005dfc   0x08005dfc   0x00000004   PAD
    0x08005e00   0x08005e00   0x0000002e   Code   RO          868    .text.HAL_SYSTICK_Config  stm32h7xx_hal_cortex.o
    0x08005e2e   0x08005e2e   0x00000002   PAD
    0x08005e30   0x08005e30   0x00000002   Code   RO         1749    .text.HAL_TIMEx_Break2Callback  stm32h7xx_hal_tim_ex.o
    0x08005e32   0x08005e32   0x00000006   PAD
    0x08005e38   0x08005e38   0x00000002   Code   RO         1747    .text.HAL_TIMEx_BreakCallback  stm32h7xx_hal_tim_ex.o
    0x08005e3a   0x08005e3a   0x00000006   PAD
    0x08005e40   0x08005e40   0x00000002   Code   RO         1743    .text.HAL_TIMEx_CommutCallback  stm32h7xx_hal_tim_ex.o
    0x08005e42   0x08005e42   0x00000006   PAD
    0x08005e48   0x08005e48   0x000000de   Code   RO         1727    .text.HAL_TIMEx_MasterConfigSynchronization  stm32h7xx_hal_tim_ex.o
    0x08005f26   0x08005f26   0x00000002   PAD
    0x08005f28   0x08005f28   0x00000060   Code   RO         1432    .text.HAL_TIM_Base_Init  stm32h7xx_hal_tim.o
    0x08005f88   0x08005f88   0x0000007c   Code   RO          121    .text.HAL_TIM_Base_MspInit  tim.o
    0x08006004   0x08006004   0x00000004   PAD
    0x08006008   0x08006008   0x000000dc   Code   RO         1446    .text.HAL_TIM_Base_Start_IT  stm32h7xx_hal_tim.o
    0x080060e4   0x080060e4   0x00000004   PAD
    0x080060e8   0x080060e8   0x000002bc   Code   RO         1612    .text.HAL_TIM_ConfigClockSource  stm32h7xx_hal_tim.o
    0x080063a4   0x080063a4   0x00000004   PAD
    0x080063a8   0x080063a8   0x00000002   Code   RO         1568    .text.HAL_TIM_IC_CaptureCallback  stm32h7xx_hal_tim.o
    0x080063aa   0x080063aa   0x00000006   PAD
    0x080063b0   0x080063b0   0x0000016c   Code   RO         1566    .text.HAL_TIM_IRQHandler  stm32h7xx_hal_tim.o
    0x0800651c   0x0800651c   0x00000004   PAD
    0x08006520   0x08006520   0x00000002   Code   RO         1570    .text.HAL_TIM_OC_DelayElapsedCallback  stm32h7xx_hal_tim.o
    0x08006522   0x08006522   0x00000006   PAD
    0x08006528   0x08006528   0x00000002   Code   RO         1572    .text.HAL_TIM_PWM_PulseFinishedCallback  stm32h7xx_hal_tim.o
    0x0800652a   0x0800652a   0x00000006   PAD
    0x08006530   0x08006530   0x000001a8   Code   RO           50    .text.HAL_TIM_PeriodElapsedCallback  main.o
    0x080066d8   0x080066d8   0x00000002   Code   RO         1576    .text.HAL_TIM_TriggerCallback  stm32h7xx_hal_tim.o
    0x080066da   0x080066da   0x00000006   PAD
    0x080066e0   0x080066e0   0x00000036   Code   RO         1926    .text.HAL_UARTEx_DisableFifoMode  stm32h7xx_hal_uart_ex.o
    0x08006716   0x08006716   0x00000002   PAD
    0x08006718   0x08006718   0x00000002   Code   RO         1853    .text.HAL_UARTEx_RxEventCallback  stm32h7xx_hal_uart.o
    0x0800671a   0x0800671a   0x00000006   PAD
    0x08006720   0x08006720   0x00000002   Code   RO         1912    .text.HAL_UARTEx_RxFifoFullCallback  stm32h7xx_hal_uart_ex.o
    0x08006722   0x08006722   0x00000006   PAD
    0x08006728   0x08006728   0x0000008c   Code   RO         1930    .text.HAL_UARTEx_SetRxFifoThreshold  stm32h7xx_hal_uart_ex.o
    0x080067b4   0x080067b4   0x00000004   PAD
    0x080067b8   0x080067b8   0x0000008c   Code   RO         1928    .text.HAL_UARTEx_SetTxFifoThreshold  stm32h7xx_hal_uart_ex.o
    0x08006844   0x08006844   0x00000004   PAD
    0x08006848   0x08006848   0x00000002   Code   RO         1914    .text.HAL_UARTEx_TxFifoEmptyCallback  stm32h7xx_hal_uart_ex.o
    0x0800684a   0x0800684a   0x00000006   PAD
    0x08006850   0x08006850   0x00000002   Code   RO         1910    .text.HAL_UARTEx_WakeupCallback  stm32h7xx_hal_uart_ex.o
    0x08006852   0x08006852   0x00000006   PAD
    0x08006858   0x08006858   0x00000002   Code   RO         1851    .text.HAL_UART_ErrorCallback  stm32h7xx_hal_uart.o
    0x0800685a   0x0800685a   0x00000006   PAD
    0x08006860   0x08006860   0x0000068a   Code   RO         1847    .text.HAL_UART_IRQHandler  stm32h7xx_hal_uart.o
    0x08006eea   0x08006eea   0x00000006   PAD
    0x08006ef0   0x08006ef0   0x00000064   Code   RO         1763    .text.HAL_UART_Init  stm32h7xx_hal_uart.o
    0x08006f54   0x08006f54   0x00000004   PAD
    0x08006f58   0x08006f58   0x0000016c   Code   RO          139    .text.HAL_UART_MspInit  usart.o
    0x080070c4   0x080070c4   0x00000004   PAD
    0x080070c8   0x080070c8   0x00000002   Code   RO         1855    .text.HAL_UART_TxCpltCallback  stm32h7xx_hal_uart.o
    0x080070ca   0x080070ca   0x00000006   PAD
    0x080070d0   0x080070d0   0x00000002   Code   RO          156    .text.HardFault_Handler  stm32h7xx_it.o
    0x080070d2   0x080070d2   0x00000006   PAD
    0x080070d8   0x080070d8   0x00000034   Code   RO           89    .text.MX_DMA_Init   dma.o
    0x0800710c   0x0800710c   0x00000004   PAD
    0x08007110   0x08007110   0x00000074   Code   RO           98    .text.MX_FDCAN1_Init  fdcan.o
    0x08007184   0x08007184   0x00000004   PAD
    0x08007188   0x08007188   0x00000076   Code   RO          100    .text.MX_FDCAN2_Init  fdcan.o
    0x080071fe   0x080071fe   0x00000002   PAD
    0x08007200   0x08007200   0x000000d0   Code   RO           80    .text.MX_GPIO_Init  gpio.o
    0x080072d0   0x080072d0   0x00000072   Code   RO          117    .text.MX_TIM3_Init  tim.o
    0x08007342   0x08007342   0x00000006   PAD
    0x08007348   0x08007348   0x00000072   Code   RO          119    .text.MX_TIM4_Init  tim.o
    0x080073ba   0x080073ba   0x00000006   PAD
    0x080073c0   0x080073c0   0x0000007c   Code   RO          135    .text.MX_UART7_Init  usart.o
    0x0800743c   0x0800743c   0x00000004   PAD
    0x08007440   0x08007440   0x0000007c   Code   RO          137    .text.MX_USART10_UART_Init  usart.o
    0x080074bc   0x080074bc   0x00000004   PAD
    0x080074c0   0x080074c0   0x0000006c   Code   RO         2118    .text.MX_USB_DEVICE_Init  usb_device.o
    0x0800752c   0x0800752c   0x00000004   PAD
    0x08007530   0x08007530   0x00000002   Code   RO          158    .text.MemManage_Handler  stm32h7xx_it.o
    0x08007532   0x08007532   0x00000006   PAD
    0x08007538   0x08007538   0x00000002   Code   RO          154    .text.NMI_Handler   stm32h7xx_it.o
    0x0800753a   0x0800753a   0x00000006   PAD
    0x08007540   0x08007540   0x0000000c   Code   RO          188    .text.OTG_HS_IRQHandler  stm32h7xx_it.o
    0x0800754c   0x0800754c   0x00000004   PAD
    0x08007550   0x08007550   0x00000002   Code   RO          168    .text.PendSV_Handler  stm32h7xx_it.o
    0x08007552   0x08007552   0x00000006   PAD
    0x08007558   0x08007558   0x000003b0   Code   RO           29    .text.Protocol_Execute_Router  ros_protocol.o
    0x08007908   0x08007908   0x00000248   Code   RO           27    .text.Protocol_Parse_Stream  ros_protocol.o
    0x08007b50   0x08007b50   0x000001dc   Code   RO           31    .text.Protocol_Send_Feedback  ros_protocol.o
    0x08007d2c   0x08007d2c   0x00000004   PAD
    0x08007d30   0x08007d30   0x00000122   Code   RO          445    .text.RCCEx_PLL2_Config  stm32h7xx_hal_rcc_ex.o
    0x08007e52   0x08007e52   0x00000006   PAD
    0x08007e58   0x08007e58   0x00000122   Code   RO          447    .text.RCCEx_PLL3_Config  stm32h7xx_hal_rcc_ex.o
    0x08007f7a   0x08007f7a   0x00000006   PAD
    0x08007f80   0x08007f80   0x00000002   Code   RO          164    .text.SVC_Handler   stm32h7xx_it.o
    0x08007f82   0x08007f82   0x00000006   PAD
    0x08007f88   0x08007f88   0x00000004   Code   RO          170    .text.SysTick_Handler  stm32h7xx_it.o
    0x08007f8c   0x08007f8c   0x00000004   PAD
    0x08007f90   0x08007f90   0x000000c4   Code   RO           54    .text.SystemClock_Config  main.o
    0x08008054   0x08008054   0x00000004   PAD
    0x08008058   0x08008058   0x000000b0   Code   RO         1949    .text.SystemInit    system_stm32h7xx.o
    0x08008108   0x08008108   0x0000000c   Code   RO          182    .text.TIM3_IRQHandler  stm32h7xx_it.o
    0x08008114   0x08008114   0x00000004   PAD
    0x08008118   0x08008118   0x0000000c   Code   RO          184    .text.TIM4_IRQHandler  stm32h7xx_it.o
    0x08008124   0x08008124   0x00000004   PAD
    0x08008128   0x08008128   0x00000178   Code   RO         1436    .text.TIM_Base_SetConfig  stm32h7xx_hal_tim.o
    0x080082a0   0x080082a0   0x0000000c   Code   RO          190    .text.UART7_IRQHandler  stm32h7xx_it.o
    0x080082ac   0x080082ac   0x00000004   PAD
    0x080082b0   0x080082b0   0x000000e0   Code   RO         1767    .text.UART_AdvFeatureConfig  stm32h7xx_hal_uart.o
    0x08008390   0x08008390   0x0000016e   Code   RO         1771    .text.UART_CheckIdleState  stm32h7xx_hal_uart.o
    0x080084fe   0x080084fe   0x00000002   PAD
    0x08008500   0x08008500   0x00000006   Code   RO         1849    .text.UART_DMAAbortOnError  stm32h7xx_hal_uart.o
    0x08008506   0x08008506   0x00000002   PAD
    0x08008508   0x08008508   0x000004a0   Code   RO         1769    .text.UART_SetConfig  stm32h7xx_hal_uart.o
    0x080089a8   0x080089a8   0x00000358   Code   RO         1785    .text.UART_WaitOnFlagUntilTimeout  stm32h7xx_hal_uart.o
    0x08008d00   0x08008d00   0x0000000c   Code   RO          192    .text.USART10_IRQHandler  stm32h7xx_it.o
    0x08008d0c   0x08008d0c   0x00000004   PAD
    0x08008d10   0x08008d10   0x00000074   Code   RO         2359    .text.USBD_CDC_DataIn  usbd_cdc.o
    0x08008d84   0x08008d84   0x00000004   PAD
    0x08008d88   0x08008d88   0x0000003c   Code   RO         2361    .text.USBD_CDC_DataOut  usbd_cdc.o
    0x08008dc4   0x08008dc4   0x00000004   PAD
    0x08008dc8   0x08008dc8   0x00000060   Code   RO         2353    .text.USBD_CDC_DeInit  usbd_cdc.o
    0x08008e28   0x08008e28   0x00000038   Code   RO         2357    .text.USBD_CDC_EP0_RxReady  usbd_cdc.o
    0x08008e60   0x08008e60   0x00000010   Code   RO         2369    .text.USBD_CDC_GetDeviceQualifierDescriptor  usbd_cdc.o
    0x08008e70   0x08008e70   0x00000052   Code   RO         2365    .text.USBD_CDC_GetFSCfgDesc  usbd_cdc.o
    0x08008ec2   0x08008ec2   0x00000006   PAD
    0x08008ec8   0x08008ec8   0x00000056   Code   RO         2363    .text.USBD_CDC_GetHSCfgDesc  usbd_cdc.o
    0x08008f1e   0x08008f1e   0x00000002   PAD
    0x08008f20   0x08008f20   0x00000052   Code   RO         2367    .text.USBD_CDC_GetOtherSpeedCfgDesc  usbd_cdc.o
    0x08008f72   0x08008f72   0x00000006   PAD
    0x08008f78   0x08008f78   0x000000ca   Code   RO         2351    .text.USBD_CDC_Init  usbd_cdc.o
    0x08009042   0x08009042   0x00000006   PAD
    0x08009048   0x08009048   0x00000030   Code   RO         2379    .text.USBD_CDC_ReceivePacket  usbd_cdc.o
    0x08009078   0x08009078   0x00000018   Code   RO         2371    .text.USBD_CDC_RegisterInterface  usbd_cdc.o
    0x08009090   0x08009090   0x0000001c   Code   RO         2375    .text.USBD_CDC_SetRxBuffer  usbd_cdc.o
    0x080090ac   0x080090ac   0x00000004   PAD
    0x080090b0   0x080090b0   0x00000020   Code   RO         2373    .text.USBD_CDC_SetTxBuffer  usbd_cdc.o
    0x080090d0   0x080090d0   0x000000e8   Code   RO         2355    .text.USBD_CDC_Setup  usbd_cdc.o
    0x080091b8   0x080091b8   0x00000044   Code   RO         2377    .text.USBD_CDC_TransmitPacket  usbd_cdc.o
    0x080091fc   0x080091fc   0x00000004   PAD
    0x08009200   0x08009200   0x00000012   Code   RO         2266    .text.USBD_ClrClassConfig  usbd_core.o
    0x08009212   0x08009212   0x00000006   PAD
    0x08009218   0x08009218   0x00000004   Code   RO         2274    .text.USBD_CoreFindEP  usbd_core.o
    0x0800921c   0x0800921c   0x00000004   PAD
    0x08009220   0x08009220   0x00000004   Code   RO         2272    .text.USBD_CoreFindIF  usbd_core.o
    0x08009224   0x08009224   0x00000004   PAD
    0x08009228   0x08009228   0x00000010   Code   RO         2335    .text.USBD_CtlContinueRx  usbd_ioreq.o
    0x08009238   0x08009238   0x00000010   Code   RO         2331    .text.USBD_CtlContinueSendData  usbd_ioreq.o
    0x08009248   0x08009248   0x00000016   Code   RO         2310    .text.USBD_CtlError  usbd_ctlreq.o
    0x0800925e   0x0800925e   0x00000002   PAD
    0x08009260   0x08009260   0x00000020   Code   RO         2333    .text.USBD_CtlPrepareRx  usbd_ioreq.o
    0x08009280   0x08009280   0x00000016   Code   RO         2339    .text.USBD_CtlReceiveStatus  usbd_ioreq.o
    0x08009296   0x08009296   0x00000002   PAD
    0x08009298   0x08009298   0x0000001e   Code   RO         2329    .text.USBD_CtlSendData  usbd_ioreq.o
    0x080092b6   0x080092b6   0x00000002   PAD
    0x080092b8   0x080092b8   0x00000016   Code   RO         2337    .text.USBD_CtlSendStatus  usbd_ioreq.o
    0x080092ce   0x080092ce   0x00000002   PAD
    0x080092d0   0x080092d0   0x00000084   Code   RO         2296    .text.USBD_GetEpDesc  usbd_core.o
    0x08009354   0x08009354   0x00000004   PAD
    0x08009358   0x08009358   0x00000100   Code   RO         2318    .text.USBD_GetString  usbd_ctlreq.o
    0x08009458   0x08009458   0x00000024   Code   RO         2137    .text.USBD_HS_ConfigStrDescriptor  usbd_desc.o
    0x0800947c   0x0800947c   0x00000004   PAD
    0x08009480   0x08009480   0x0000000e   Code   RO         2127    .text.USBD_HS_DeviceDescriptor  usbd_desc.o
    0x0800948e   0x0800948e   0x00000002   PAD
    0x08009490   0x08009490   0x00000028   Code   RO         2139    .text.USBD_HS_InterfaceStrDescriptor  usbd_desc.o
    0x080094b8   0x080094b8   0x0000000e   Code   RO         2129    .text.USBD_HS_LangIDStrDescriptor  usbd_desc.o
    0x080094c6   0x080094c6   0x00000002   PAD
    0x080094c8   0x080094c8   0x0000002c   Code   RO         2131    .text.USBD_HS_ManufacturerStrDescriptor  usbd_desc.o
    0x080094f4   0x080094f4   0x00000004   PAD
    0x080094f8   0x080094f8   0x00000030   Code   RO         2133    .text.USBD_HS_ProductStrDescriptor  usbd_desc.o
    0x08009528   0x08009528   0x0000016c   Code   RO         2135    .text.USBD_HS_SerialStrDescriptor  usbd_desc.o
    0x08009694   0x08009694   0x00000004   PAD
    0x08009698   0x08009698   0x00000028   Code   RO         2252    .text.USBD_Init     usbd_core.o
    0x080096c0   0x080096c0   0x00000022   Code   RO         2224    .text.USBD_LL_ClearStallEP  usbd_conf.o
    0x080096e2   0x080096e2   0x00000006   PAD
    0x080096e8   0x080096e8   0x00000022   Code   RO         2218    .text.USBD_LL_CloseEP  usbd_conf.o
    0x0800970a   0x0800970a   0x00000006   PAD
    0x08009710   0x08009710   0x000000b8   Code   RO         2276    .text.USBD_LL_DataInStage  usbd_core.o
    0x080097c8   0x080097c8   0x0000007c   Code   RO         2270    .text.USBD_LL_DataOutStage  usbd_core.o
    0x08009844   0x08009844   0x00000004   PAD
    0x08009848   0x08009848   0x00000004   Code   RO         2292    .text.USBD_LL_DevConnected  usbd_core.o
    0x0800984c   0x0800984c   0x00000004   PAD
    0x08009850   0x08009850   0x00000020   Code   RO         2294    .text.USBD_LL_DevDisconnected  usbd_core.o
    0x08009870   0x08009870   0x00000008   Code   RO         2234    .text.USBD_LL_GetRxDataSize  usbd_conf.o
    0x08009878   0x08009878   0x00000072   Code   RO         2206    .text.USBD_LL_Init  usbd_conf.o
    0x080098ea   0x080098ea   0x00000006   PAD
    0x080098f0   0x080098f0   0x0000002a   Code   RO         2226    .text.USBD_LL_IsStallEP  usbd_conf.o
    0x0800991a   0x0800991a   0x00000006   PAD
    0x08009920   0x08009920   0x0000002c   Code   RO         2288    .text.USBD_LL_IsoINIncomplete  usbd_core.o
    0x0800994c   0x0800994c   0x00000004   PAD
    0x08009950   0x08009950   0x0000002c   Code   RO         2290    .text.USBD_LL_IsoOUTIncomplete  usbd_core.o
    0x0800997c   0x0800997c   0x00000004   PAD
    0x08009980   0x08009980   0x00000028   Code   RO         2216    .text.USBD_LL_OpenEP  usbd_conf.o
    0x080099a8   0x080099a8   0x00000022   Code   RO         2232    .text.USBD_LL_PrepareReceive  usbd_conf.o
    0x080099ca   0x080099ca   0x00000006   PAD
    0x080099d0   0x080099d0   0x00000062   Code   RO         2278    .text.USBD_LL_Reset  usbd_core.o
    0x08009a32   0x08009a32   0x00000006   PAD
    0x08009a38   0x08009a38   0x00000014   Code   RO         2284    .text.USBD_LL_Resume  usbd_core.o
    0x08009a4c   0x08009a4c   0x00000004   PAD
    0x08009a50   0x08009a50   0x0000001e   Code   RO         2286    .text.USBD_LL_SOF   usbd_core.o
    0x08009a6e   0x08009a6e   0x00000002   PAD
    0x08009a70   0x08009a70   0x00000008   Code   RO         2280    .text.USBD_LL_SetSpeed  usbd_core.o
    0x08009a78   0x08009a78   0x00000022   Code   RO         2228    .text.USBD_LL_SetUSBAddress  usbd_conf.o
    0x08009a9a   0x08009a9a   0x00000006   PAD
    0x08009aa0   0x08009aa0   0x00000062   Code   RO         2268    .text.USBD_LL_SetupStage  usbd_core.o
    0x08009b02   0x08009b02   0x00000006   PAD
    0x08009b08   0x08009b08   0x00000022   Code   RO         2222    .text.USBD_LL_StallEP  usbd_conf.o
    0x08009b2a   0x08009b2a   0x00000006   PAD
    0x08009b30   0x08009b30   0x00000022   Code   RO         2212    .text.USBD_LL_Start  usbd_conf.o
    0x08009b52   0x08009b52   0x00000006   PAD
    0x08009b58   0x08009b58   0x0000001c   Code   RO         2282    .text.USBD_LL_Suspend  usbd_core.o
    0x08009b74   0x08009b74   0x00000004   PAD
    0x08009b78   0x08009b78   0x00000022   Code   RO         2230    .text.USBD_LL_Transmit  usbd_conf.o
    0x08009b9a   0x08009b9a   0x00000006   PAD
    0x08009ba0   0x08009ba0   0x00000016   Code   RO         2316    .text.USBD_ParseSetupRequest  usbd_ctlreq.o
    0x08009bb6   0x08009bb6   0x00000002   PAD
    0x08009bb8   0x08009bb8   0x00000046   Code   RO         2256    .text.USBD_RegisterClass  usbd_core.o
    0x08009bfe   0x08009bfe   0x00000002   PAD
    0x08009c00   0x08009c00   0x00000010   Code   RO         2264    .text.USBD_SetClassConfig  usbd_core.o
    0x08009c10   0x08009c10   0x00000004   Code   RO         2258    .text.USBD_Start    usbd_core.o
    0x08009c14   0x08009c14   0x00000004   PAD
    0x08009c18   0x08009c18   0x0000038e   Code   RO         2308    .text.USBD_StdDevReq  usbd_ctlreq.o
    0x08009fa6   0x08009fa6   0x00000002   PAD
    0x08009fa8   0x08009fa8   0x00000164   Code   RO         2314    .text.USBD_StdEPReq  usbd_ctlreq.o
    0x0800a10c   0x0800a10c   0x00000004   PAD
    0x0800a110   0x0800a110   0x00000078   Code   RO         2312    .text.USBD_StdItfReq  usbd_ctlreq.o
    0x0800a188   0x0800a188   0x00000002   Code   RO         2238    .text.USBD_static_free  usbd_conf.o
    0x0800a18a   0x0800a18a   0x00000006   PAD
    0x0800a190   0x0800a190   0x0000000a   Code   RO         2236    .text.USBD_static_malloc  usbd_conf.o
    0x0800a19a   0x0800a19a   0x00000006   PAD
    0x0800a1a0   0x0800a1a0   0x00000086   Code   RO          333    .text.USB_ActivateEndpoint  stm32h7xx_ll_usb.o
    0x0800a226   0x0800a226   0x00000002   PAD
    0x0800a228   0x0800a228   0x00000020   Code   RO          375    .text.USB_ActivateSetup  stm32h7xx_ll_usb.o
    0x0800a248   0x0800a248   0x00000292   Code   RO          311    .text.USB_CoreInit  stm32h7xx_ll_usb.o
    0x0800a4da   0x0800a4da   0x00000006   PAD
    0x0800a4e0   0x0800a4e0   0x0000007c   Code   RO          337    .text.USB_DeactivateEndpoint  stm32h7xx_ll_usb.o
    0x0800a55c   0x0800a55c   0x00000004   PAD
    0x0800a560   0x0800a560   0x0000001e   Code   RO          357    .text.USB_DevConnect  stm32h7xx_ll_usb.o
    0x0800a57e   0x0800a57e   0x00000002   PAD
    0x0800a580   0x0800a580   0x0000001e   Code   RO          359    .text.USB_DevDisconnect  stm32h7xx_ll_usb.o
    0x0800a59e   0x0800a59e   0x00000002   PAD
    0x0800a5a0   0x0800a5a0   0x000004ac   Code   RO          323    .text.USB_DevInit   stm32h7xx_ll_usb.o
    0x0800aa4c   0x0800aa4c   0x00000004   PAD
    0x0800aa50   0x0800aa50   0x0000000e   Code   RO          317    .text.USB_DisableGlobalInt  stm32h7xx_ll_usb.o
    0x0800aa5e   0x0800aa5e   0x00000002   PAD
    0x0800aa60   0x0800aa60   0x0000005a   Code   RO          377    .text.USB_EP0_OutStart  stm32h7xx_ll_usb.o
    0x0800aaba   0x0800aaba   0x00000006   PAD
    0x0800aac0   0x0800aac0   0x00000052   Code   RO          349    .text.USB_EPClearStall  stm32h7xx_ll_usb.o
    0x0800ab12   0x0800ab12   0x00000006   PAD
    0x0800ab18   0x0800ab18   0x00000040   Code   RO          347    .text.USB_EPSetStall  stm32h7xx_ll_usb.o
    0x0800ab58   0x0800ab58   0x00000242   Code   RO          341    .text.USB_EPStartXfer  stm32h7xx_ll_usb.o
    0x0800ad9a   0x0800ad9a   0x00000006   PAD
    0x0800ada0   0x0800ada0   0x00000236   Code   RO          345    .text.USB_EPStopXfer  stm32h7xx_ll_usb.o
    0x0800afd6   0x0800afd6   0x00000002   PAD
    0x0800afd8   0x0800afd8   0x0000000e   Code   RO          315    .text.USB_EnableGlobalInt  stm32h7xx_ll_usb.o
    0x0800afe6   0x0800afe6   0x00000002   PAD
    0x0800afe8   0x0800afe8   0x000000be   Code   RO          327    .text.USB_FlushTxFifo  stm32h7xx_ll_usb.o
    0x0800b0a6   0x0800b0a6   0x00000002   PAD
    0x0800b0a8   0x0800b0a8   0x0000001a   Code   RO          331    .text.USB_GetDevSpeed  stm32h7xx_ll_usb.o
    0x0800b0c2   0x0800b0c2   0x00000006   PAD
    0x0800b0c8   0x0800b0c8   0x00000008   Code   RO          321    .text.USB_GetMode   stm32h7xx_ll_usb.o
    0x0800b0d0   0x0800b0d0   0x0000000e   Code   RO          367    .text.USB_ReadDevAllInEpInterrupt  stm32h7xx_ll_usb.o
    0x0800b0de   0x0800b0de   0x00000002   PAD
    0x0800b0e0   0x0800b0e0   0x0000000e   Code   RO          365    .text.USB_ReadDevAllOutEpInterrupt  stm32h7xx_ll_usb.o
    0x0800b0ee   0x0800b0ee   0x00000002   PAD
    0x0800b0f0   0x0800b0f0   0x00000024   Code   RO          371    .text.USB_ReadDevInEPInterrupt  stm32h7xx_ll_usb.o
    0x0800b114   0x0800b114   0x00000004   PAD
    0x0800b118   0x0800b118   0x00000010   Code   RO          369    .text.USB_ReadDevOutEPInterrupt  stm32h7xx_ll_usb.o
    0x0800b128   0x0800b128   0x00000008   Code   RO          361    .text.USB_ReadInterrupts  stm32h7xx_ll_usb.o
    0x0800b130   0x0800b130   0x000000ae   Code   RO          351    .text.USB_ReadPacket  stm32h7xx_ll_usb.o
    0x0800b1de   0x0800b1de   0x00000002   PAD
    0x0800b1e0   0x0800b1e0   0x00000368   Code   RO          319    .text.USB_SetCurrentMode  stm32h7xx_ll_usb.o
    0x0800b548   0x0800b548   0x00000022   Code   RO          355    .text.USB_SetDevAddress  stm32h7xx_ll_usb.o
    0x0800b56a   0x0800b56a   0x00000006   PAD
    0x0800b570   0x0800b570   0x00000118   Code   RO          313    .text.USB_SetTurnaroundTime  stm32h7xx_ll_usb.o
    0x0800b688   0x0800b688   0x00000078   Code   RO          343    .text.USB_WritePacket  stm32h7xx_ll_usb.o
    0x0800b700   0x0800b700   0x00000002   Code   RO          162    .text.UsageFault_Handler  stm32h7xx_it.o
    0x0800b702   0x0800b702   0x00000006   PAD
    0x0800b708   0x0800b708   0x000000da   Code   RO         1978    .text.bsp_can_init  bsp_fdcan.o
    0x0800b7e2   0x0800b7e2   0x00000006   PAD
    0x0800b7e8   0x0800b7e8   0x00000124   Code   RO         1986    .text.bsp_fdcan_set_baud  bsp_fdcan.o
    0x0800b90c   0x0800b90c   0x00000004   PAD
    0x0800b910   0x0800b910   0x0000029c   Code   RO         2102    .text.cm_motor_ctrl_send  cubemars_motor_drv.o
    0x0800bbac   0x0800bbac   0x00000004   PAD
    0x0800bbb0   0x0800bbb0   0x00000060   Code   RO         2104    .text.cm_motor_fb_decode  cubemars_motor_drv.o
    0x0800bc10   0x0800bc10   0x00000026   Code   RO         2106    .text.cm_motor_probe  cubemars_motor_drv.o
    0x0800bc36   0x0800bc36   0x00000002   PAD
    0x0800bc38   0x0800bc38   0x0000002a   Code   RO         2108    .text.cm_motor_set_absolute_zero  cubemars_motor_drv.o
    0x0800bc62   0x0800bc62   0x00000006   PAD
    0x0800bc68   0x0800bc68   0x0000005e   Code   RO         2087    .text.cubemars_motor_init  cubemars_motor_ctrl.o
    0x0800bcc6   0x0800bcc6   0x00000002   PAD
    0x0800bcc8   0x0800bcc8   0x0000002e   Code   RO         2091    .text.cubemars_rx_handler_can2  cubemars_motor_ctrl.o
    0x0800bcf6   0x0800bcf6   0x00000002   PAD
    0x0800bcf8   0x0800bcf8   0x000001b0   Code   RO         2044    .text.dm_motor_ctrl_send  dm_motor_drv.o
    0x0800bea8   0x0800bea8   0x0000006c   Code   RO         2034    .text.dm_motor_enable  dm_motor_drv.o
    0x0800bf14   0x0800bf14   0x00000004   PAD
    0x0800bf18   0x0800bf18   0x000000c8   Code   RO         2060    .text.dm_motor_fbdata  dm_motor_drv.o
    0x0800bfe0   0x0800bfe0   0x0000013c   Code   RO         2014    .text.dm_motor_init  dm_motor_ctrl.o
    0x0800c11c   0x0800c11c   0x00000004   PAD
    0x0800c120   0x0800c120   0x000000c0   Code   RO         2020    .text.fdcan1_rx_callback  dm_motor_ctrl.o
    0x0800c1e0   0x0800c1e0   0x000000fe   Code   RO         2022    .text.fdcan2_rx_callback  dm_motor_ctrl.o
    0x0800c2de   0x0800c2de   0x00000002   PAD
    0x0800c2e0   0x0800c2e0   0x00000048   Code   RO         1992    .text.fdcanx_receive  bsp_fdcan.o
    0x0800c328   0x0800c328   0x00000098   Code   RO         1988    .text.fdcanx_send_data  bsp_fdcan.o
    0x0800c3c0   0x0800c3c0   0x000000a4   Code   RO         1990    .text.fdcanx_send_data_v2  bsp_fdcan.o
    0x0800c464   0x0800c464   0x00000004   PAD
    0x0800c468   0x0800c468   0x00000070   Code   RO         2064    .text.get_moto_measure  dm_motor_drv.o
    0x0800c4d8   0x0800c4d8   0x0000023a   Code   RO           52    .text.main          main.o
    0x0800c712   0x0800c712   0x00000006   PAD
    0x0800c718   0x0800c718   0x0000024c   Code   RO         2018    .text.receive_motor_data  dm_motor_ctrl.o
    0x0800c964   0x0800c964   0x00000004   PAD
    0x0800c968   0x0800c968   0x00000034   Code   RO         2054    .text.set_moto_current  dm_motor_drv.o
    0x0800c99c   0x0800c99c   0x0000000e   Code   RO         2460    i.__scatterload_copy  mc_w.l(handlers.o)
    0x0800c9aa   0x0800c9aa   0x00000002   Code   RO         2461    i.__scatterload_null  mc_w.l(handlers.o)
    0x0800c9ac   0x0800c9ac   0x0000000e   Code   RO         2462    i.__scatterload_zeroinit  mc_w.l(handlers.o)
    0x0800c9ba   0x0800c9ba   0x00000002   PAD
    0x0800c9bc   0x0800c9bc   0x0000004c   Data   RO         1422    .rodata..L__const.HAL_FDCAN_Init.CvtEltSize  stm32h7xx_hal_fdcan.o
    0x0800ca08   0x0800ca08   0x00000006   Data   RO         1898    .rodata..Lswitch.table.UART_SetConfig.7  stm32h7xx_hal_uart.o
    0x0800ca0e   0x0800ca0e   0x00000006   Data   RO         1899    .rodata..Lswitch.table.UART_SetConfig.9  stm32h7xx_hal_uart.o
    0x0800ca14   0x0800ca14   0x00000010   Data   RO         1953    .rodata.D1CorePrescTable  system_stm32h7xx.o
    0x0800ca24   0x0800ca24   0x00000018   Data   RO         1897    .rodata.UARTPrescTable  stm32h7xx_hal_uart.o
    0x0800ca3c   0x0800ca3c   0x00000010   Data   RO         1423    .rodata.cst16       stm32h7xx_hal_fdcan.o
    0x0800ca4c   0x0800ca4c   0x00000010   Data   RO         1940    .rodata.cst8        stm32h7xx_hal_uart_ex.o
    0x0800ca5c   0x0800ca5c   0x00000020   Data   RO         2459    Region$$Table       anon$$obj.o


    Execution Region RW_IRAM1 (Exec base: 0x20000000, Load base: 0x0800ca7c, Size: 0x00000000, Max: 0x00020000, ABSOLUTE)

    **** No section assigned to this execution region ****


    Execution Region RW_IRAM2 (Exec base: 0x24000000, Load base: 0x0800ca80, Size: 0x00003330, Max: 0x00050000, ABSOLUTE)

    Exec Addr    Load Addr    Size         Type   Attr      Idx    E Section Name        Object

    0x24000000   0x0800ca80   0x00000003   Data   RW           70    .data..L_MergedGlobals  main.o
    0x24000003   0x0800ca83   0x00000001   PAD
    0x24000004   0x0800ca84   0x00000008   Data   RW         1017    .data..L_MergedGlobals  stm32h7xx_hal.o
    0x2400000c   0x0800ca8c   0x00000008   Data   RW         1954    .data..L_MergedGlobals  system_stm32h7xx.o
    0x24000014   0x0800ca94   0x00000020   Data   RW         2143    .data.HS_Desc       usbd_desc.o
    0x24000034   0x0800cab4   0x00000001   Data   RW           35    .data.Protocol_Execute_Router.was_timeout  ros_protocol.o
    0x24000035   0x0800cab5   0x00000003   PAD
    0x24000038   0x0800cab8   0x00000038   Data   RW         2381    .data.USBD_CDC      usbd_cdc.o
    0x24000070   0x0800caf0   0x00000043   Data   RW         2383    .data.USBD_CDC_CfgDesc  usbd_cdc.o
    0x240000b3   0x0800cb33   0x00000001   PAD
    0x240000b4   0x0800cb34   0x0000000a   Data   RW         2382    .data.USBD_CDC_DeviceQualifierDesc  usbd_cdc.o
    0x240000be   0x0800cb3e   0x00000002   PAD
    0x240000c0   0x0800cb40   0x00000012   Data   RW         2144    .data.USBD_HS_DeviceDesc  usbd_desc.o
    0x240000d2   0x0800cb52   0x00000002   PAD
    0x240000d4   0x0800cb54   0x00000014   Data   RW         2169    .data.USBD_Interface_fops_HS  usbd_cdc_if.o
    0x240000e8   0x0800cb68   0x00000004   Data   RW         2146    .data.USBD_LangIDDesc  usbd_desc.o
    0x240000ec   0x0800cb6c   0x0000001a   Data   RW         2147    .data.USBD_StringSerial  usbd_desc.o
    0x24000106   0x0800cb86   0x00000001   Data   RW           66    .data.first_moto_cb  main.o
    0x24000107   0x0800cb87   0x00000001   PAD
    0x24000108        -       0x00000057   Zero   RW           37    .bss..L_MergedGlobals  ros_protocol.o
    0x2400015f   0x0800cb87   0x00000001   PAD
    0x24000160        -       0x00000044   Zero   RW           71    .bss..L_MergedGlobals.5  main.o
    0x240001a4        -       0x00000084   Zero   RW           36    .bss.Current_Target_Cmd  ros_protocol.o
    0x24000228        -       0x00000004   Zero   RW          108    .bss.HAL_RCC_FDCAN_CLK_ENABLED  fdcan.o
    0x2400022c        -       0x00000001   Zero   RW         2320    .bss.USBD_SetConfig.cfgidx  usbd_ctlreq.o
    0x2400022d   0x0800cb87   0x00000003   PAD
    0x24000230        -       0x00000200   Zero   RW         2148    .bss.USBD_StrDesc   usbd_desc.o
    0x24000430        -       0x00000220   Zero   RW         2243    .bss.USBD_static_malloc.mem  usbd_conf.o
    0x24000650        -       0x00000084   Zero   RW           34    .bss.USB_Rx_Buffer  ros_protocol.o
    0x240006d4        -       0x00000800   Zero   RW         2170    .bss.UserRxBufferHS  usbd_cdc_if.o
    0x24000ed4        -       0x00000800   Zero   RW         2171    .bss.UserTxBufferHS  usbd_cdc_if.o
    0x240016d4        -       0x00000120   Zero   RW         2093    .bss.cm_motor       cubemars_motor_ctrl.o
    0x240017f4        -       0x000002dc   Zero   RW         2120    .bss.hUsbDeviceHS   usb_device.o
    0x24001ad0        -       0x00000078   Zero   RW          145    .bss.hdma_usart10_tx  usart.o
    0x24001b48        -       0x000000a0   Zero   RW          106    .bss.hfdcan1        fdcan.o
    0x24001be8        -       0x000000a0   Zero   RW          107    .bss.hfdcan2        fdcan.o
    0x24001c88        -       0x000004e4   Zero   RW         2242    .bss.hpcd_USB_OTG_HS  usbd_conf.o
    0x2400216c        -       0x0000004c   Zero   RW          125    .bss.htim3          tim.o
    0x240021b8        -       0x0000004c   Zero   RW          126    .bss.htim4          tim.o
    0x24002204        -       0x00000094   Zero   RW          144    .bss.huart10        usart.o
    0x24002298        -       0x00000094   Zero   RW          143    .bss.huart7         usart.o
    0x2400232c        -       0x00000030   Zero   RW         2078    .bss.moto_dji2006   dm_motor_drv.o
    0x2400235c        -       0x00000aa0   Zero   RW         2024    .bss.motor          dm_motor_ctrl.o
    0x24002dfc   0x0800cb87   0x00000004   PAD
    0x24002e00        -       0x00000028   Zero   RW         2025    .bss.rec_t          dm_motor_ctrl.o
    0x24002e28        -       0x00000100   Zero   RW           33    .bss.stream_buf     ros_protocol.o
    0x24002f28        -       0x00000004   Zero   RW         1016    .bss.uwTick         stm32h7xx_hal.o
    0x24002f2c   0x0800cb87   0x00000004   PAD
    0x24002f30        -       0x00000400   Zero   RW            1    STACK               startup_stm32h723xx.o


==============================================================================

Image component sizes


      Code (inc. data)   RO Data    RW Data    ZI Data      Debug   Object Name

       954        230          0          0          0       9628   bsp_fdcan.o
       140          0          0          0        288       2176   cubemars_motor_ctrl.o
       844         46          0          0          0      10122   cubemars_motor_drv.o
      1350        166          0          0       2760       5291   dm_motor_ctrl.o
       904         42          0          0         48      21665   dm_motor_drv.o
        52          0          0          0          0       5401   dma.o
       744          0          0          0        324      11921   fdcan.o
       208          0          0          0          0       3066   gpio.o
      1196         20          0          4         68      14618   main.o
      2004         36          0          1        607      10054   ros_protocol.o
        36          8        716          0       1024        840   startup_stm32h723xx.o
       258          0          0          8          4      15963   stm32h7xx_hal.o
       244          0          0          0          0      12436   stm32h7xx_hal_cortex.o
      6082         98          0          0          0      17727   stm32h7xx_hal_dma.o
      4042          0         92          0          0      61649   stm32h7xx_hal_fdcan.o
       776          0          0          0          0       7187   stm32h7xx_hal_gpio.o
        32          0          0          0          0       2229   stm32h7xx_hal_msp.o
      3970          0          0          0          0      17678   stm32h7xx_hal_pcd.o
       254          0          0          0          0       6407   stm32h7xx_hal_pcd_ex.o
        94          0          0          0          0       9618   stm32h7xx_hal_pwr_ex.o
      2468         16          0          0          0      11347   stm32h7xx_hal_rcc.o
      3906        136          0          0          0      19616   stm32h7xx_hal_rcc_ex.o
      1764          0          0          0          0      66576   stm32h7xx_hal_tim.o
       228          0          0          0          0      26798   stm32h7xx_hal_tim_ex.o
      4416        332         36          0          0      43191   stm32h7xx_hal_uart.o
       340          0         16          0          0      11501   stm32h7xx_hal_uart_ex.o
       170          0          0          0          0      12863   stm32h7xx_it.o
      5404          0          0          0          0      35363   stm32h7xx_ll_usb.o
       176          0         16          8          0       5291   system_stm32h7xx.o
       352          0          0          0        152      10379   tim.o
       612          0          0          0        416      11992   usart.o
       108          0          0          0        732       3304   usb_device.o
      1228         12          0        133          0      12009   usbd_cdc.o
       150          0          0         20       4096       4992   usbd_cdc_if.o
       762          0          0          0       1796      22328   usbd_conf.o
      1002          0          0          0          0      11368   usbd_core.o
      1686         36          0          0          1      11232   usbd_ctlreq.o
       560         72          0         80        512       4378   usbd_desc.o
       138          0          0          0          0       4779   usbd_ioreq.o

    ----------------------------------------------------------------------
     50568       1278        908        264      12840     574983   Object Totals
         0          0         32          0          0          0   (incl. Generated)
       914         28          0         10         12          0   (incl. Padding)

    ----------------------------------------------------------------------

      Code (inc. data)   RO Data    RW Data    ZI Data      Debug   Library Member Name

         0          0          0          0          0          0   entry.o
         0          0          0          0          0          0   entry10a.o
         0          0          0          0          0          0   entry11a.o
         8          4          0          0          0          0   entry2.o
         4          0          0          0          0          0   entry5.o
         0          0          0          0          0          0   entry7b.o
         0          0          0          0          0          0   entry8b.o
         8          4          0          0          0          0   entry9a.o
        30          0          0          0          0          0   handlers.o
        48         10          0          0          0         68   init.o
        30          0          0          0          0         68   llshl.o
        32          0          0          0          0         68   llushr.o
        64          0          0          0          0         76   memmovea.o
        36          0          0          0          0        108   memseta.o
        98          0          0          0          0         92   uldiv.o

    ----------------------------------------------------------------------
       360         18          0          0          0        480   Library Totals
         2          0          0          0          0          0   (incl. Padding)

    ----------------------------------------------------------------------

      Code (inc. data)   RO Data    RW Data    ZI Data      Debug   Library Name

       358         18          0          0          0        480   mc_w.l

    ----------------------------------------------------------------------
       360         18          0          0          0        480   Library Totals

    ----------------------------------------------------------------------

==============================================================================


      Code (inc. data)   RO Data    RW Data    ZI Data      Debug   

     50928       1296        908        264      12840     574771   Grand Totals
     50928       1296        908        264      12840     574771   ELF Image Totals
     50928       1296        908        264          0          0   ROM Totals

==============================================================================

    Total RO  Size (Code + RO Data)                51836 (  50.62kB)
    Total RW  Size (RW Data + ZI Data)             13104 (  12.80kB)
    Total ROM Size (Code + RO Data + RW Data)      52100 (  50.88kB)

==============================================================================

